[2026-05-31 23:08:53,429] INFO: Server teacher B model process initialized.
[2026-05-31 23:08:53,429] INFO: Pipeline active. Device: cuda
[2026-05-31 23:08:53,430] INFO: Building server ConvNeXt-Tiny model skeleton...
[2026-05-31 23:08:53,828] INFO: Setting up dataset and DataLoader...
[2026-05-31 23:08:54,055] INFO: Dataset load complete. Train: 100000, Val: 5000
[2026-05-31 23:08:54,056] INFO: Testing initial batch procurement...
[2026-05-31 23:08:54,255] INFO: Data channel initialized successfully.
[2026-05-31 23:08:54,255] INFO: Epoch [1/150] starting...
[2026-05-31 23:09:54,822] INFO:   [Batch 100/782] loss: 5.2315
[2026-05-31 23:10:55,674] INFO:   [Batch 200/782] loss: 5.1248
[2026-05-31 23:11:56,802] INFO:   [Batch 300/782] loss: 4.9571
[2026-05-31 23:12:58,024] INFO:   [Batch 400/782] loss: 5.1075
[2026-05-31 23:13:59,319] INFO:   [Batch 500/782] loss: 4.9367
[2026-05-31 23:15:00,627] INFO:   [Batch 600/782] loss: 4.9133
[2026-05-31 23:16:01,964] INFO:   [Batch 700/782] loss: 4.8206
[2026-05-31 23:16:51,831] INFO:  Epoch 1 done. Time: 7.96m, Average Loss: 4.9881
[2026-05-31 23:16:51,945] INFO: Epoch [2/150] starting...
[2026-05-31 23:17:53,435] INFO:   [Batch 100/782] loss: 4.7119
[2026-05-31 23:18:54,744] INFO:   [Batch 200/782] loss: 4.7742
[2026-05-31 23:19:56,031] INFO:   [Batch 300/782] loss: 4.5059
[2026-05-31 23:20:57,314] INFO:   [Batch 400/782] loss: 4.5582
[2026-05-31 23:21:58,601] INFO:   [Batch 500/782] loss: 4.6014
[2026-05-31 23:22:59,849] INFO:   [Batch 600/782] loss: 4.4573
[2026-05-31 23:24:01,084] INFO:   [Batch 700/782] loss: 4.6150
[2026-05-31 23:24:50,868] INFO:  Epoch 2 done. Time: 7.98m, Average Loss: 4.5126
[2026-05-31 23:24:51,096] INFO: Epoch [3/150] starting...
[2026-05-31 23:25:52,474] INFO:   [Batch 100/782] loss: 4.2260
[2026-05-31 23:26:53,668] INFO:   [Batch 200/782] loss: 4.0864
[2026-05-31 23:27:54,899] INFO:   [Batch 300/782] loss: 4.1565
[2026-05-31 23:28:56,156] INFO:   [Batch 400/782] loss: 4.0020
[2026-05-31 23:29:57,427] INFO:   [Batch 500/782] loss: 3.9229
[2026-05-31 23:30:58,731] INFO:   [Batch 600/782] loss: 3.6714
[2026-05-31 23:32:00,004] INFO:   [Batch 700/782] loss: 3.9300
[2026-05-31 23:32:49,822] INFO:  Epoch 3 done. Time: 7.98m, Average Loss: 3.9848
[2026-05-31 23:32:50,020] INFO: Epoch [4/150] starting...
[2026-05-31 23:33:51,461] INFO:   [Batch 100/782] loss: 3.7223
[2026-05-31 23:34:52,720] INFO:   [Batch 200/782] loss: 3.6868
[2026-05-31 23:35:53,971] INFO:   [Batch 300/782] loss: 3.4302
[2026-05-31 23:36:55,210] INFO:   [Batch 400/782] loss: 3.7036
[2026-05-31 23:37:56,468] INFO:   [Batch 500/782] loss: 3.4874
[2026-05-31 23:38:57,742] INFO:   [Batch 600/782] loss: 3.4893
[2026-05-31 23:39:59,035] INFO:   [Batch 700/782] loss: 3.5512
[2026-05-31 23:40:48,842] INFO:  Epoch 4 done. Time: 7.98m, Average Loss: 3.5915
[2026-05-31 23:40:49,044] INFO: Epoch [5/150] starting...
[2026-05-31 23:41:50,507] INFO:   [Batch 100/782] loss: 3.3269
[2026-05-31 23:42:51,779] INFO:   [Batch 200/782] loss: 3.3756
[2026-05-31 23:43:53,039] INFO:   [Batch 300/782] loss: 3.2570
[2026-05-31 23:44:54,282] INFO:   [Batch 400/782] loss: 3.1670
[2026-05-31 23:45:55,513] INFO:   [Batch 500/782] loss: 3.4954
[2026-05-31 23:46:56,749] INFO:   [Batch 600/782] loss: 3.1804
[2026-05-31 23:47:57,981] INFO:   [Batch 700/782] loss: 3.2569
[2026-05-31 23:48:47,793] INFO:  Epoch 5 done. Time: 7.98m, Average Loss: 3.3069
[2026-05-31 23:48:48,022] INFO: Epoch [6/150] starting...
[2026-05-31 23:49:49,484] INFO:   [Batch 100/782] loss: 3.6282
[2026-05-31 23:50:50,786] INFO:   [Batch 200/782] loss: 3.7810
[2026-05-31 23:51:52,091] INFO:   [Batch 300/782] loss: 4.4530
[2026-05-31 23:52:53,406] INFO:   [Batch 400/782] loss: 3.7228
[2026-05-31 23:53:54,713] INFO:   [Batch 500/782] loss: 4.8792
[2026-05-31 23:54:56,033] INFO:   [Batch 600/782] loss: 3.5893
[2026-05-31 23:55:57,390] INFO:   [Batch 700/782] loss: 3.5765
[2026-05-31 23:57:14,604] INFO:  Epoch 6 done. Time: 8.44m, Average Loss: 4.2417
[2026-05-31 23:57:14,835] INFO: Epoch [7/150] starting...
[2026-05-31 23:58:16,309] INFO:   [Batch 100/782] loss: 4.6791
[2026-05-31 23:59:17,614] INFO:   [Batch 200/782] loss: 4.6553
[2026-06-01 00:00:18,942] INFO:   [Batch 300/782] loss: 4.5133
[2026-06-01 00:01:20,274] INFO:   [Batch 400/782] loss: 3.7701
[2026-06-01 00:02:21,607] INFO:   [Batch 500/782] loss: 3.5913
[2026-06-01 00:03:22,946] INFO:   [Batch 600/782] loss: 3.2955
[2026-06-01 00:04:24,294] INFO:   [Batch 700/782] loss: 3.3059
[2026-06-01 00:05:14,180] INFO:  Epoch 7 done. Time: 7.99m, Average Loss: 4.1710
[2026-06-01 00:05:14,400] INFO: Epoch [8/150] starting...
[2026-06-01 00:06:15,919] INFO:   [Batch 100/782] loss: 4.4498
[2026-06-01 00:07:17,254] INFO:   [Batch 200/782] loss: 3.4578
[2026-06-01 00:08:18,581] INFO:   [Batch 300/782] loss: 3.5599
[2026-06-01 00:09:19,895] INFO:   [Batch 400/782] loss: 4.5726
[2026-06-01 00:10:21,201] INFO:   [Batch 500/782] loss: 4.1085
[2026-06-01 00:11:22,511] INFO:   [Batch 600/782] loss: 3.8696
[2026-06-01 00:12:23,825] INFO:   [Batch 700/782] loss: 4.4588
[2026-06-01 00:13:13,684] INFO:  Epoch 8 done. Time: 7.99m, Average Loss: 4.0928
[2026-06-01 00:13:13,910] INFO: Epoch [9/150] starting...
[2026-06-01 00:14:15,424] INFO:   [Batch 100/782] loss: 3.2227
[2026-06-01 00:15:16,744] INFO:   [Batch 200/782] loss: 4.2822
[2026-06-01 00:16:18,063] INFO:   [Batch 300/782] loss: 3.6728
[2026-06-01 00:17:19,391] INFO:   [Batch 400/782] loss: 3.8699
[2026-06-01 00:18:20,718] INFO:   [Batch 500/782] loss: 3.7349
[2026-06-01 00:19:22,043] INFO:   [Batch 600/782] loss: 4.6652
[2026-06-01 00:20:23,357] INFO:   [Batch 700/782] loss: 4.5032
[2026-06-01 00:21:13,215] INFO:  Epoch 9 done. Time: 7.99m, Average Loss: 4.0050
[2026-06-01 00:21:13,414] INFO: Epoch [10/150] starting...
[2026-06-01 00:22:14,916] INFO:   [Batch 100/782] loss: 3.6595
[2026-06-01 00:23:16,227] INFO:   [Batch 200/782] loss: 3.1947
[2026-06-01 00:24:17,527] INFO:   [Batch 300/782] loss: 4.0714
[2026-06-01 00:25:18,828] INFO:   [Batch 400/782] loss: 3.1659
[2026-06-01 00:26:20,135] INFO:   [Batch 500/782] loss: 4.6500
[2026-06-01 00:27:21,442] INFO:   [Batch 600/782] loss: 4.0277
[2026-06-01 00:28:22,749] INFO:   [Batch 700/782] loss: 4.4227
[2026-06-01 00:29:12,603] INFO:  Epoch 10 done. Time: 7.99m, Average Loss: 3.9552
[2026-06-01 00:29:12,778] INFO: Epoch [11/150] starting...
[2026-06-01 00:30:14,241] INFO:   [Batch 100/782] loss: 3.4338
[2026-06-01 00:31:15,525] INFO:   [Batch 200/782] loss: 4.1623
[2026-06-01 00:32:16,822] INFO:   [Batch 300/782] loss: 3.9277
[2026-06-01 00:33:18,111] INFO:   [Batch 400/782] loss: 4.1321
[2026-06-01 00:34:19,398] INFO:   [Batch 500/782] loss: 4.3534
[2026-06-01 00:35:20,711] INFO:   [Batch 600/782] loss: 4.2891
[2026-06-01 00:36:22,046] INFO:   [Batch 700/782] loss: 4.3124
[2026-06-01 00:37:11,942] INFO:  Epoch 11 done. Time: 7.99m, Average Loss: 3.8679
[2026-06-01 00:37:12,095] INFO: Epoch [12/150] starting...
[2026-06-01 00:38:13,608] INFO:   [Batch 100/782] loss: 4.3206
[2026-06-01 00:39:14,954] INFO:   [Batch 200/782] loss: 4.5009
[2026-06-01 00:40:16,297] INFO:   [Batch 300/782] loss: 3.1379
[2026-06-01 00:41:17,651] INFO:   [Batch 400/782] loss: 4.3190
[2026-06-01 00:42:19,018] INFO:   [Batch 500/782] loss: 4.3625
[2026-06-01 00:43:20,400] INFO:   [Batch 600/782] loss: 3.4940
[2026-06-01 00:44:21,757] INFO:   [Batch 700/782] loss: 4.1857
[2026-06-01 00:45:11,623] INFO:  Epoch 12 done. Time: 7.99m, Average Loss: 3.8039
[2026-06-01 00:45:11,800] INFO: Epoch [13/150] starting...
[2026-06-01 00:46:13,299] INFO:   [Batch 100/782] loss: 3.9362
[2026-06-01 00:47:14,655] INFO:   [Batch 200/782] loss: 4.7070
[2026-06-01 00:48:16,004] INFO:   [Batch 300/782] loss: 3.1988
[2026-06-01 00:49:17,318] INFO:   [Batch 400/782] loss: 3.3739
[2026-06-01 00:50:18,639] INFO:   [Batch 500/782] loss: 4.4414
[2026-06-01 00:51:19,950] INFO:   [Batch 600/782] loss: 3.0245
[2026-06-01 00:52:21,258] INFO:   [Batch 700/782] loss: 4.2832
[2026-06-01 00:53:11,107] INFO:  Epoch 13 done. Time: 7.99m, Average Loss: 3.7512
[2026-06-01 00:53:11,274] INFO: Epoch [14/150] starting...
[2026-06-01 00:54:15,087] INFO:   [Batch 100/782] loss: 4.2624
[2026-06-01 00:55:16,387] INFO:   [Batch 200/782] loss: 2.9815
[2026-06-01 00:56:17,668] INFO:   [Batch 300/782] loss: 4.0779
[2026-06-01 00:57:18,947] INFO:   [Batch 400/782] loss: 2.8514
[2026-06-01 00:58:20,235] INFO:   [Batch 500/782] loss: 4.3653
[2026-06-01 00:59:21,520] INFO:   [Batch 600/782] loss: 4.4344
[2026-06-01 01:00:22,829] INFO:   [Batch 700/782] loss: 4.3520
[2026-06-01 01:01:12,680] INFO:  Epoch 14 done. Time: 8.02m, Average Loss: 3.6593
[2026-06-01 01:01:12,909] INFO: Epoch [15/150] starting...
[2026-06-01 01:02:14,393] INFO:   [Batch 100/782] loss: 3.0721
[2026-06-01 01:03:15,707] INFO:   [Batch 200/782] loss: 2.6703
[2026-06-01 01:04:17,028] INFO:   [Batch 300/782] loss: 4.4788
[2026-06-01 01:05:18,347] INFO:   [Batch 400/782] loss: 3.4916
[2026-06-01 01:06:19,685] INFO:   [Batch 500/782] loss: 3.0587
[2026-06-01 01:07:21,008] INFO:   [Batch 600/782] loss: 3.1517
[2026-06-01 01:08:22,358] INFO:   [Batch 700/782] loss: 3.2221
[2026-06-01 01:09:12,248] INFO:  Epoch 15 done. Time: 7.99m, Average Loss: 3.5700
[2026-06-01 01:09:12,475] INFO: Epoch [16/150] starting...
[2026-06-01 01:10:13,993] INFO:   [Batch 100/782] loss: 3.5703
[2026-06-01 01:11:15,326] INFO:   [Batch 200/782] loss: 3.8154
[2026-06-01 01:12:16,676] INFO:   [Batch 300/782] loss: 4.3301
[2026-06-01 01:13:18,033] INFO:   [Batch 400/782] loss: 3.5315
[2026-06-01 01:14:19,353] INFO:   [Batch 500/782] loss: 3.2162
[2026-06-01 01:15:20,680] INFO:   [Batch 600/782] loss: 4.0443
[2026-06-01 01:16:22,011] INFO:   [Batch 700/782] loss: 3.6919
[2026-06-01 01:17:11,897] INFO:  Epoch 16 done. Time: 7.99m, Average Loss: 3.5924
[2026-06-01 01:17:12,123] INFO: Epoch [17/150] starting...
[2026-06-01 01:18:13,624] INFO:   [Batch 100/782] loss: 2.8530
[2026-06-01 01:19:14,951] INFO:   [Batch 200/782] loss: 3.1942
[2026-06-01 01:20:16,265] INFO:   [Batch 300/782] loss: 4.1691
[2026-06-01 01:21:17,592] INFO:   [Batch 400/782] loss: 3.1325
[2026-06-01 01:22:18,942] INFO:   [Batch 500/782] loss: 4.3868
[2026-06-01 01:23:20,268] INFO:   [Batch 600/782] loss: 2.5968
[2026-06-01 01:24:21,593] INFO:   [Batch 700/782] loss: 4.3636
[2026-06-01 01:25:11,470] INFO:  Epoch 17 done. Time: 7.99m, Average Loss: 3.4904
[2026-06-01 01:25:11,643] INFO: Epoch [18/150] starting...
[2026-06-01 01:26:13,156] INFO:   [Batch 100/782] loss: 3.0292
[2026-06-01 01:27:14,480] INFO:   [Batch 200/782] loss: 3.4841
[2026-06-01 01:28:15,813] INFO:   [Batch 300/782] loss: 2.7619
[2026-06-01 01:29:17,151] INFO:   [Batch 400/782] loss: 4.1642
[2026-06-01 01:30:18,483] INFO:   [Batch 500/782] loss: 2.5529
[2026-06-01 01:31:19,804] INFO:   [Batch 600/782] loss: 3.3938
[2026-06-01 01:32:21,145] INFO:   [Batch 700/782] loss: 2.3524
[2026-06-01 01:33:11,017] INFO:  Epoch 18 done. Time: 7.99m, Average Loss: 3.4738
[2026-06-01 01:33:11,196] INFO: Epoch [19/150] starting...
[2026-06-01 01:34:12,697] INFO:   [Batch 100/782] loss: 2.2640
[2026-06-01 01:35:14,027] INFO:   [Batch 200/782] loss: 2.3223
[2026-06-01 01:36:15,343] INFO:   [Batch 300/782] loss: 2.7864
[2026-06-01 01:37:16,672] INFO:   [Batch 400/782] loss: 2.5973
[2026-06-01 01:38:17,982] INFO:   [Batch 500/782] loss: 2.5417
[2026-06-01 01:39:19,295] INFO:   [Batch 600/782] loss: 4.1200
[2026-06-01 01:40:20,633] INFO:   [Batch 700/782] loss: 4.2676
[2026-06-01 01:41:10,520] INFO:  Epoch 19 done. Time: 7.99m, Average Loss: 3.3781
[2026-06-01 01:41:10,689] INFO: Epoch [20/150] starting...
[2026-06-01 01:42:12,208] INFO:   [Batch 100/782] loss: 3.6941
[2026-06-01 01:43:13,569] INFO:   [Batch 200/782] loss: 4.0042
[2026-06-01 01:44:14,930] INFO:   [Batch 300/782] loss: 2.8764
[2026-06-01 01:45:16,310] INFO:   [Batch 400/782] loss: 2.3315
[2026-06-01 01:46:17,648] INFO:   [Batch 500/782] loss: 3.9390
[2026-06-01 01:47:18,971] INFO:   [Batch 600/782] loss: 3.4936
[2026-06-01 01:48:20,309] INFO:   [Batch 700/782] loss: 3.1056
[2026-06-01 01:49:10,174] INFO:  Epoch 20 done. Time: 7.99m, Average Loss: 3.3261
[2026-06-01 01:49:10,330] INFO: Epoch [21/150] starting...
[2026-06-01 01:50:11,820] INFO:   [Batch 100/782] loss: 2.9474
[2026-06-01 01:51:13,145] INFO:   [Batch 200/782] loss: 4.1093
[2026-06-01 01:52:14,477] INFO:   [Batch 300/782] loss: 3.2023
[2026-06-01 01:53:15,791] INFO:   [Batch 400/782] loss: 2.8717
[2026-06-01 01:54:17,112] INFO:   [Batch 500/782] loss: 2.4175
[2026-06-01 01:55:18,411] INFO:   [Batch 600/782] loss: 2.4163
[2026-06-01 01:56:19,772] INFO:   [Batch 700/782] loss: 2.4391
[2026-06-01 01:57:09,638] INFO:  Epoch 21 done. Time: 7.99m, Average Loss: 3.3040
[2026-06-01 01:57:09,811] INFO: Epoch [22/150] starting...
[2026-06-01 01:58:11,296] INFO:   [Batch 100/782] loss: 2.9499
[2026-06-01 01:59:12,617] INFO:   [Batch 200/782] loss: 4.0844
[2026-06-01 02:00:13,933] INFO:   [Batch 300/782] loss: 2.4766
[2026-06-01 02:01:15,257] INFO:   [Batch 400/782] loss: 3.7754
[2026-06-01 02:02:16,577] INFO:   [Batch 500/782] loss: 3.9561
[2026-06-01 02:03:17,890] INFO:   [Batch 600/782] loss: 2.5307
[2026-06-01 02:04:19,201] INFO:   [Batch 700/782] loss: 4.3003
[2026-06-01 02:05:09,057] INFO:  Epoch 22 done. Time: 7.99m, Average Loss: 3.2942
[2026-06-01 02:05:09,232] INFO: Epoch [23/150] starting...
[2026-06-01 02:06:10,741] INFO:   [Batch 100/782] loss: 3.6306
[2026-06-01 02:07:12,057] INFO:   [Batch 200/782] loss: 3.5227
[2026-06-01 02:08:13,374] INFO:   [Batch 300/782] loss: 3.8782
[2026-06-01 02:09:14,679] INFO:   [Batch 400/782] loss: 3.6754
[2026-06-01 02:10:16,030] INFO:   [Batch 500/782] loss: 3.3164
[2026-06-01 02:11:17,349] INFO:   [Batch 600/782] loss: 2.2896
[2026-06-01 02:12:18,663] INFO:   [Batch 700/782] loss: 2.2343
[2026-06-01 02:13:08,523] INFO:  Epoch 23 done. Time: 7.99m, Average Loss: 3.1527
[2026-06-01 02:13:08,679] INFO: Epoch [24/150] starting...
[2026-06-01 02:14:10,167] INFO:   [Batch 100/782] loss: 2.3318
[2026-06-01 02:15:11,497] INFO:   [Batch 200/782] loss: 3.7674
[2026-06-01 02:16:12,828] INFO:   [Batch 300/782] loss: 2.2436
[2026-06-01 02:17:14,164] INFO:   [Batch 400/782] loss: 4.1536
[2026-06-01 02:18:15,502] INFO:   [Batch 500/782] loss: 3.7480
[2026-06-01 02:19:16,825] INFO:   [Batch 600/782] loss: 3.4384
[2026-06-01 02:20:18,177] INFO:   [Batch 700/782] loss: 3.9063
[2026-06-01 02:21:08,046] INFO:  Epoch 24 done. Time: 7.99m, Average Loss: 3.1280
[2026-06-01 02:21:08,218] INFO: Epoch [25/150] starting...
[2026-06-01 02:22:09,713] INFO:   [Batch 100/782] loss: 3.8229
[2026-06-01 02:23:11,055] INFO:   [Batch 200/782] loss: 3.9002
[2026-06-01 02:24:12,387] INFO:   [Batch 300/782] loss: 3.8015
[2026-06-01 02:25:13,723] INFO:   [Batch 400/782] loss: 3.4084
[2026-06-01 02:26:15,067] INFO:   [Batch 500/782] loss: 2.6881
[2026-06-01 02:27:16,416] INFO:   [Batch 600/782] loss: 3.5055
[2026-06-01 02:28:17,763] INFO:   [Batch 700/782] loss: 4.3340
[2026-06-01 02:29:07,669] INFO:  Epoch 25 done. Time: 7.99m, Average Loss: 3.1005
[2026-06-01 02:29:07,897] INFO: Epoch [26/150] starting...
[2026-06-01 02:30:09,431] INFO:   [Batch 100/782] loss: 3.9248
[2026-06-01 02:31:10,808] INFO:   [Batch 200/782] loss: 3.8328
[2026-06-01 02:32:12,194] INFO:   [Batch 300/782] loss: 2.0558
[2026-06-01 02:33:13,571] INFO:   [Batch 400/782] loss: 3.2389
[2026-06-01 02:34:14,938] INFO:   [Batch 500/782] loss: 2.8772
[2026-06-01 02:35:16,299] INFO:   [Batch 600/782] loss: 3.3779
[2026-06-01 02:36:17,671] INFO:   [Batch 700/782] loss: 3.6192
[2026-06-01 02:37:07,551] INFO:  Epoch 26 done. Time: 7.99m, Average Loss: 3.0890
[2026-06-01 02:37:07,730] INFO: Epoch [27/150] starting...
[2026-06-01 02:38:09,258] INFO:   [Batch 100/782] loss: 3.9742
[2026-06-01 02:39:10,604] INFO:   [Batch 200/782] loss: 3.2449
[2026-06-01 02:40:11,966] INFO:   [Batch 300/782] loss: 3.9013
[2026-06-01 02:41:13,346] INFO:   [Batch 400/782] loss: 2.6484
[2026-06-01 02:42:14,724] INFO:   [Batch 500/782] loss: 3.6788
[2026-06-01 02:43:16,098] INFO:   [Batch 600/782] loss: 3.3307
[2026-06-01 02:44:17,472] INFO:   [Batch 700/782] loss: 2.5748
[2026-06-01 02:45:07,371] INFO:  Epoch 27 done. Time: 7.99m, Average Loss: 3.0213
[2026-06-01 02:45:07,548] INFO: Epoch [28/150] starting...
[2026-06-01 02:46:09,091] INFO:   [Batch 100/782] loss: 2.1792
[2026-06-01 02:47:10,458] INFO:   [Batch 200/782] loss: 3.3615
[2026-06-01 02:48:11,826] INFO:   [Batch 300/782] loss: 2.1964
[2026-06-01 02:49:13,206] INFO:   [Batch 400/782] loss: 3.8827
[2026-06-01 02:50:14,562] INFO:   [Batch 500/782] loss: 2.3284
[2026-06-01 02:51:15,937] INFO:   [Batch 600/782] loss: 3.8625
[2026-06-01 02:52:17,304] INFO:   [Batch 700/782] loss: 1.9740
[2026-06-01 02:53:07,198] INFO:  Epoch 28 done. Time: 7.99m, Average Loss: 2.9831
[2026-06-01 02:53:07,374] INFO: Epoch [29/150] starting...
[2026-06-01 02:54:08,901] INFO:   [Batch 100/782] loss: 3.8965
[2026-06-01 02:55:10,225] INFO:   [Batch 200/782] loss: 1.6675
[2026-06-01 02:56:11,564] INFO:   [Batch 300/782] loss: 2.4757
[2026-06-01 02:57:12,877] INFO:   [Batch 400/782] loss: 3.7354
[2026-06-01 02:58:14,219] INFO:   [Batch 500/782] loss: 2.2054
[2026-06-01 02:59:15,564] INFO:   [Batch 600/782] loss: 4.1352
[2026-06-01 03:00:16,916] INFO:   [Batch 700/782] loss: 3.5006
[2026-06-01 03:01:06,789] INFO:  Epoch 29 done. Time: 7.99m, Average Loss: 2.9857
[2026-06-01 03:01:06,964] INFO: Epoch [30/150] starting...
[2026-06-01 03:02:08,489] INFO:   [Batch 100/782] loss: 1.8840
[2026-06-01 03:03:09,836] INFO:   [Batch 200/782] loss: 3.6101
[2026-06-01 03:04:11,161] INFO:   [Batch 300/782] loss: 3.4118
[2026-06-01 03:05:12,501] INFO:   [Batch 400/782] loss: 1.7368
[2026-06-01 03:06:13,834] INFO:   [Batch 500/782] loss: 3.0846
[2026-06-01 03:07:15,148] INFO:   [Batch 600/782] loss: 3.4091
[2026-06-01 03:08:16,460] INFO:   [Batch 700/782] loss: 3.9867
[2026-06-01 03:09:06,321] INFO:  Epoch 30 done. Time: 7.99m, Average Loss: 2.9563
[2026-06-01 03:09:06,495] INFO: Epoch [31/150] starting...
[2026-06-01 03:10:07,977] INFO:   [Batch 100/782] loss: 2.9737
[2026-06-01 03:11:09,295] INFO:   [Batch 200/782] loss: 3.3496
[2026-06-01 03:12:10,618] INFO:   [Batch 300/782] loss: 3.4715
[2026-06-01 03:13:11,947] INFO:   [Batch 400/782] loss: 1.7900
[2026-06-01 03:14:13,292] INFO:   [Batch 500/782] loss: 2.9369
[2026-06-01 03:15:14,614] INFO:   [Batch 600/782] loss: 1.9986
[2026-06-01 03:16:15,933] INFO:   [Batch 700/782] loss: 2.6398
[2026-06-01 03:17:05,797] INFO:  Epoch 31 done. Time: 7.99m, Average Loss: 2.8128
[2026-06-01 03:17:06,021] INFO: Epoch [32/150] starting...
[2026-06-01 03:18:07,523] INFO:   [Batch 100/782] loss: 2.7021
[2026-06-01 03:19:08,845] INFO:   [Batch 200/782] loss: 3.8228
[2026-06-01 03:20:10,144] INFO:   [Batch 300/782] loss: 2.4034
[2026-06-01 03:21:11,466] INFO:   [Batch 400/782] loss: 3.9370
[2026-06-01 03:22:12,793] INFO:   [Batch 500/782] loss: 3.0096
[2026-06-01 03:23:14,154] INFO:   [Batch 600/782] loss: 3.1369
[2026-06-01 03:24:15,512] INFO:   [Batch 700/782] loss: 1.9005
[2026-06-01 03:25:05,398] INFO:  Epoch 32 done. Time: 7.99m, Average Loss: 2.8517
[2026-06-01 03:25:05,629] INFO: Epoch [33/150] starting...
[2026-06-01 03:26:07,135] INFO:   [Batch 100/782] loss: 1.6880
[2026-06-01 03:27:08,478] INFO:   [Batch 200/782] loss: 1.9082
[2026-06-01 03:28:09,824] INFO:   [Batch 300/782] loss: 2.5837
[2026-06-01 03:29:11,144] INFO:   [Batch 400/782] loss: 4.0896
[2026-06-01 03:30:12,457] INFO:   [Batch 500/782] loss: 2.4991
[2026-06-01 03:31:13,771] INFO:   [Batch 600/782] loss: 3.0631
[2026-06-01 03:32:15,094] INFO:   [Batch 700/782] loss: 3.7939
[2026-06-01 03:33:04,964] INFO:  Epoch 33 done. Time: 7.99m, Average Loss: 2.8555
[2026-06-01 03:33:05,150] INFO: Epoch [34/150] starting...
[2026-06-01 03:34:06,682] INFO:   [Batch 100/782] loss: 1.4987
[2026-06-01 03:35:08,023] INFO:   [Batch 200/782] loss: 3.6833
[2026-06-01 03:36:09,396] INFO:   [Batch 300/782] loss: 2.2512
[2026-06-01 03:37:10,742] INFO:   [Batch 400/782] loss: 3.3611
[2026-06-01 03:38:12,086] INFO:   [Batch 500/782] loss: 2.6312
[2026-06-01 03:39:13,433] INFO:   [Batch 600/782] loss: 2.8377
[2026-06-01 03:40:14,786] INFO:   [Batch 700/782] loss: 2.3883
[2026-06-01 03:41:04,697] INFO:  Epoch 34 done. Time: 7.99m, Average Loss: 2.7836
[2026-06-01 03:41:04,876] INFO: Epoch [35/150] starting...
[2026-06-01 03:42:06,443] INFO:   [Batch 100/782] loss: 1.7281
[2026-06-01 03:43:08,105] INFO:   [Batch 200/782] loss: 3.5995
[2026-06-01 03:44:11,543] INFO:   [Batch 300/782] loss: 1.6457
[2026-06-01 03:45:12,915] INFO:   [Batch 400/782] loss: 2.5548
[2026-06-01 03:46:14,290] INFO:   [Batch 500/782] loss: 3.9618
[2026-06-01 03:47:15,647] INFO:   [Batch 600/782] loss: 1.8451
[2026-06-01 03:48:16,983] INFO:   [Batch 700/782] loss: 3.8177
[2026-06-01 03:49:06,860] INFO:  Epoch 35 done. Time: 8.03m, Average Loss: 2.7895
[2026-06-01 03:49:07,068] INFO: Epoch [36/150] starting...
[2026-06-01 03:50:08,574] INFO:   [Batch 100/782] loss: 3.8478
[2026-06-01 03:51:09,886] INFO:   [Batch 200/782] loss: 2.8985
[2026-06-01 03:52:11,206] INFO:   [Batch 300/782] loss: 3.7590
[2026-06-01 03:53:12,564] INFO:   [Batch 400/782] loss: 1.8401
[2026-06-01 03:54:13,907] INFO:   [Batch 500/782] loss: 3.7004
[2026-06-01 03:55:15,285] INFO:   [Batch 600/782] loss: 2.6203
[2026-06-01 03:56:16,688] INFO:   [Batch 700/782] loss: 4.1950
[2026-06-01 03:57:06,597] INFO:  Epoch 36 done. Time: 7.99m, Average Loss: 2.7600
[2026-06-01 03:57:06,825] INFO: Epoch [37/150] starting...
[2026-06-01 03:58:08,385] INFO:   [Batch 100/782] loss: 1.5844
[2026-06-01 03:59:09,749] INFO:   [Batch 200/782] loss: 1.8880
[2026-06-01 04:00:11,105] INFO:   [Batch 300/782] loss: 3.9011
[2026-06-01 04:01:12,496] INFO:   [Batch 400/782] loss: 1.6189
[2026-06-01 04:02:13,863] INFO:   [Batch 500/782] loss: 1.5393
[2026-06-01 04:03:15,245] INFO:   [Batch 600/782] loss: 3.9154
[2026-06-01 04:04:16,622] INFO:   [Batch 700/782] loss: 3.4133
[2026-06-01 04:05:06,506] INFO:  Epoch 37 done. Time: 7.99m, Average Loss: 2.7369
[2026-06-01 04:05:06,735] INFO: Epoch [38/150] starting...
[2026-06-01 04:06:08,257] INFO:   [Batch 100/782] loss: 1.6934
[2026-06-01 04:07:09,636] INFO:   [Batch 200/782] loss: 2.7349
[2026-06-01 04:08:11,025] INFO:   [Batch 300/782] loss: 1.8945
[2026-06-01 04:09:12,405] INFO:   [Batch 400/782] loss: 1.8382
[2026-06-01 04:10:13,790] INFO:   [Batch 500/782] loss: 3.5085
[2026-06-01 04:11:15,159] INFO:   [Batch 600/782] loss: 2.8938
[2026-06-01 04:12:16,505] INFO:   [Batch 700/782] loss: 2.5308
[2026-06-01 04:13:06,385] INFO:  Epoch 38 done. Time: 7.99m, Average Loss: 2.6972
[2026-06-01 04:13:06,597] INFO: Epoch [39/150] starting...
[2026-06-01 04:14:08,129] INFO:   [Batch 100/782] loss: 3.3081
[2026-06-01 04:15:09,468] INFO:   [Batch 200/782] loss: 1.8108
[2026-06-01 04:16:10,801] INFO:   [Batch 300/782] loss: 2.8909
[2026-06-01 04:17:12,156] INFO:   [Batch 400/782] loss: 1.4854
[2026-06-01 04:18:13,496] INFO:   [Batch 500/782] loss: 3.7562
[2026-06-01 04:19:14,837] INFO:   [Batch 600/782] loss: 3.9591
[2026-06-01 04:20:16,200] INFO:   [Batch 700/782] loss: 2.4715
[2026-06-01 04:21:06,065] INFO:  Epoch 39 done. Time: 7.99m, Average Loss: 2.7034
[2026-06-01 04:21:06,289] INFO: Epoch [40/150] starting...
[2026-06-01 04:22:07,818] INFO:   [Batch 100/782] loss: 3.2988
[2026-06-01 04:23:09,171] INFO:   [Batch 200/782] loss: 3.5418
[2026-06-01 04:24:10,508] INFO:   [Batch 300/782] loss: 3.5934
[2026-06-01 04:25:11,827] INFO:   [Batch 400/782] loss: 3.4652
[2026-06-01 04:26:13,163] INFO:   [Batch 500/782] loss: 2.3027
[2026-06-01 04:27:14,508] INFO:   [Batch 600/782] loss: 3.2412
[2026-06-01 04:28:15,861] INFO:   [Batch 700/782] loss: 2.7490
[2026-06-01 04:29:05,724] INFO:  Epoch 40 done. Time: 7.99m, Average Loss: 2.6764
[2026-06-01 04:29:05,927] INFO: Epoch [41/150] starting...
[2026-06-01 04:30:07,417] INFO:   [Batch 100/782] loss: 3.1079
[2026-06-01 04:31:08,732] INFO:   [Batch 200/782] loss: 1.4475
[2026-06-01 04:32:10,052] INFO:   [Batch 300/782] loss: 3.9359
[2026-06-01 04:33:11,360] INFO:   [Batch 400/782] loss: 3.4205
[2026-06-01 04:34:12,659] INFO:   [Batch 500/782] loss: 3.2087
[2026-06-01 04:35:13,972] INFO:   [Batch 600/782] loss: 3.2880
[2026-06-01 04:36:15,280] INFO:   [Batch 700/782] loss: 1.4669
[2026-06-01 04:37:05,115] INFO:  Epoch 41 done. Time: 7.99m, Average Loss: 2.6309
[2026-06-01 04:37:05,282] INFO: Epoch [42/150] starting...
[2026-06-01 04:38:06,756] INFO:   [Batch 100/782] loss: 3.6147
[2026-06-01 04:39:08,097] INFO:   [Batch 200/782] loss: 3.3604
[2026-06-01 04:40:09,447] INFO:   [Batch 300/782] loss: 1.8631
[2026-06-01 04:41:10,807] INFO:   [Batch 400/782] loss: 2.4690
[2026-06-01 04:42:12,169] INFO:   [Batch 500/782] loss: 2.8779
[2026-06-01 04:43:13,526] INFO:   [Batch 600/782] loss: 3.5025
[2026-06-01 04:44:14,873] INFO:   [Batch 700/782] loss: 1.9847
[2026-06-01 04:45:04,763] INFO:  Epoch 42 done. Time: 7.99m, Average Loss: 2.6040
[2026-06-01 04:45:04,947] INFO: Epoch [43/150] starting...
[2026-06-01 04:46:06,479] INFO:   [Batch 100/782] loss: 3.2628
[2026-06-01 04:47:07,815] INFO:   [Batch 200/782] loss: 3.4252
[2026-06-01 04:48:09,156] INFO:   [Batch 300/782] loss: 3.2276
[2026-06-01 04:49:10,482] INFO:   [Batch 400/782] loss: 3.3797
[2026-06-01 04:50:11,844] INFO:   [Batch 500/782] loss: 1.6886
[2026-06-01 04:51:13,210] INFO:   [Batch 600/782] loss: 3.4514
[2026-06-01 04:52:14,551] INFO:   [Batch 700/782] loss: 2.0679
[2026-06-01 04:53:04,427] INFO:  Epoch 43 done. Time: 7.99m, Average Loss: 2.5624
[2026-06-01 04:53:04,642] INFO: Epoch [44/150] starting...
[2026-06-01 04:54:06,142] INFO:   [Batch 100/782] loss: 3.4476
[2026-06-01 04:55:07,474] INFO:   [Batch 200/782] loss: 3.4844
[2026-06-01 04:56:08,795] INFO:   [Batch 300/782] loss: 1.3848
[2026-06-01 04:57:10,107] INFO:   [Batch 400/782] loss: 2.7886
[2026-06-01 04:58:11,427] INFO:   [Batch 500/782] loss: 2.2089
[2026-06-01 04:59:12,756] INFO:   [Batch 600/782] loss: 1.9527
[2026-06-01 05:00:14,077] INFO:   [Batch 700/782] loss: 3.8054
[2026-06-01 05:01:03,959] INFO:  Epoch 44 done. Time: 7.99m, Average Loss: 2.5894
[2026-06-01 05:01:04,186] INFO: Epoch [45/150] starting...
[2026-06-01 05:02:05,717] INFO:   [Batch 100/782] loss: 2.4495
[2026-06-01 05:03:07,074] INFO:   [Batch 200/782] loss: 1.3136
[2026-06-01 05:04:08,463] INFO:   [Batch 300/782] loss: 1.4025
[2026-06-01 05:05:09,874] INFO:   [Batch 400/782] loss: 3.6908
[2026-06-01 05:06:11,256] INFO:   [Batch 500/782] loss: 1.8631
[2026-06-01 05:07:12,630] INFO:   [Batch 600/782] loss: 1.7685
[2026-06-01 05:08:13,992] INFO:   [Batch 700/782] loss: 3.1809
[2026-06-01 05:09:03,876] INFO:  Epoch 45 done. Time: 7.99m, Average Loss: 2.6153
[2026-06-01 05:09:04,020] INFO: Epoch [46/150] starting...
[2026-06-01 05:10:05,550] INFO:   [Batch 100/782] loss: 1.2066
[2026-06-01 05:11:06,914] INFO:   [Batch 200/782] loss: 2.5007
[2026-06-01 05:12:08,288] INFO:   [Batch 300/782] loss: 3.3827
[2026-06-01 05:13:09,675] INFO:   [Batch 400/782] loss: 3.0842
[2026-06-01 05:14:11,072] INFO:   [Batch 500/782] loss: 3.8048
[2026-06-01 05:15:12,488] INFO:   [Batch 600/782] loss: 1.5090
[2026-06-01 05:16:13,882] INFO:   [Batch 700/782] loss: 2.8066
[2026-06-01 05:17:03,800] INFO:  Epoch 46 done. Time: 8.00m, Average Loss: 2.6045
[2026-06-01 05:17:04,023] INFO: Epoch [47/150] starting...
[2026-06-01 05:18:05,558] INFO:   [Batch 100/782] loss: 3.7575
[2026-06-01 05:19:06,938] INFO:   [Batch 200/782] loss: 1.8773
[2026-06-01 05:20:08,337] INFO:   [Batch 300/782] loss: 3.0854
[2026-06-01 05:21:09,723] INFO:   [Batch 400/782] loss: 3.1445
[2026-06-01 05:22:11,103] INFO:   [Batch 500/782] loss: 3.3562
[2026-06-01 05:23:12,503] INFO:   [Batch 600/782] loss: 1.4654
[2026-06-01 05:24:13,940] INFO:   [Batch 700/782] loss: 3.5693
[2026-06-01 05:25:03,873] INFO:  Epoch 47 done. Time: 8.00m, Average Loss: 2.5135
[2026-06-01 05:25:04,097] INFO: Epoch [48/150] starting...
[2026-06-01 05:26:05,668] INFO:   [Batch 100/782] loss: 2.4139
[2026-06-01 05:27:07,062] INFO:   [Batch 200/782] loss: 3.6228
[2026-06-01 05:28:08,464] INFO:   [Batch 300/782] loss: 2.0545
[2026-06-01 05:29:09,857] INFO:   [Batch 400/782] loss: 3.7458
[2026-06-01 05:30:11,213] INFO:   [Batch 500/782] loss: 3.2933
[2026-06-01 05:31:12,571] INFO:   [Batch 600/782] loss: 1.7281
[2026-06-01 05:32:13,945] INFO:   [Batch 700/782] loss: 1.2977
[2026-06-01 05:33:03,862] INFO:  Epoch 48 done. Time: 8.00m, Average Loss: 2.4891
[2026-06-01 05:33:04,068] INFO: Epoch [49/150] starting...
[2026-06-01 05:34:05,652] INFO:   [Batch 100/782] loss: 1.2884
[2026-06-01 05:35:07,046] INFO:   [Batch 200/782] loss: 2.2038
[2026-06-01 05:36:08,464] INFO:   [Batch 300/782] loss: 1.5172
[2026-06-01 05:37:09,879] INFO:   [Batch 400/782] loss: 2.4429
[2026-06-01 05:38:11,279] INFO:   [Batch 500/782] loss: 1.9896
[2026-06-01 05:39:12,661] INFO:   [Batch 600/782] loss: 1.4394
[2026-06-01 05:40:14,040] INFO:   [Batch 700/782] loss: 1.5456
[2026-06-01 05:41:03,932] INFO:  Epoch 49 done. Time: 8.00m, Average Loss: 2.5849
[2026-06-01 05:41:04,153] INFO: Epoch [50/150] starting...
[2026-06-01 05:42:05,699] INFO:   [Batch 100/782] loss: 3.2400
[2026-06-01 05:43:07,045] INFO:   [Batch 200/782] loss: 1.3657
[2026-06-01 05:44:08,413] INFO:   [Batch 300/782] loss: 2.0118
[2026-06-01 05:45:09,806] INFO:   [Batch 400/782] loss: 3.6328
[2026-06-01 05:46:11,185] INFO:   [Batch 500/782] loss: 1.4284
[2026-06-01 05:47:12,555] INFO:   [Batch 600/782] loss: 3.3505
[2026-06-01 05:48:13,927] INFO:   [Batch 700/782] loss: 2.2398
[2026-06-01 05:49:03,817] INFO:  Epoch 50 done. Time: 7.99m, Average Loss: 2.5537
[2026-06-01 05:49:04,019] INFO: Epoch [51/150] starting...
[2026-06-01 05:50:05,536] INFO:   [Batch 100/782] loss: 3.8542
[2026-06-01 05:51:06,915] INFO:   [Batch 200/782] loss: 3.1187
[2026-06-01 05:52:08,274] INFO:   [Batch 300/782] loss: 2.0813
[2026-06-01 05:53:09,624] INFO:   [Batch 400/782] loss: 1.2643
[2026-06-01 05:54:10,984] INFO:   [Batch 500/782] loss: 1.7638
[2026-06-01 05:55:12,329] INFO:   [Batch 600/782] loss: 3.9062
[2026-06-01 05:56:13,712] INFO:   [Batch 700/782] loss: 2.4651
[2026-06-01 05:57:03,641] INFO:  Epoch 51 done. Time: 7.99m, Average Loss: 2.4233
[2026-06-01 05:57:03,857] INFO: Epoch [52/150] starting...
[2026-06-01 05:58:05,431] INFO:   [Batch 100/782] loss: 1.5579
[2026-06-01 05:59:06,828] INFO:   [Batch 200/782] loss: 3.3326
[2026-06-01 06:00:08,218] INFO:   [Batch 300/782] loss: 3.1318
[2026-06-01 06:01:09,598] INFO:   [Batch 400/782] loss: 3.3878
[2026-06-01 06:02:10,975] INFO:   [Batch 500/782] loss: 3.8476
[2026-06-01 06:03:12,344] INFO:   [Batch 600/782] loss: 1.7084
[2026-06-01 06:04:13,710] INFO:   [Batch 700/782] loss: 2.0636
[2026-06-01 06:05:03,604] INFO:  Epoch 52 done. Time: 8.00m, Average Loss: 2.5445
[2026-06-01 06:05:03,826] INFO: Epoch [53/150] starting...
[2026-06-01 06:06:05,408] INFO:   [Batch 100/782] loss: 3.3385
[2026-06-01 06:07:06,808] INFO:   [Batch 200/782] loss: 3.2058
[2026-06-01 06:08:08,224] INFO:   [Batch 300/782] loss: 3.9134
[2026-06-01 06:09:09,652] INFO:   [Batch 400/782] loss: 3.8512
[2026-06-01 06:10:11,052] INFO:   [Batch 500/782] loss: 2.1169
[2026-06-01 06:11:12,465] INFO:   [Batch 600/782] loss: 3.0710
[2026-06-01 06:12:13,874] INFO:   [Batch 700/782] loss: 3.6388
[2026-06-01 06:13:03,797] INFO:  Epoch 53 done. Time: 8.00m, Average Loss: 2.5257
[2026-06-01 06:13:04,003] INFO: Epoch [54/150] starting...
[2026-06-01 06:14:05,519] INFO:   [Batch 100/782] loss: 2.0363
[2026-06-01 06:15:06,852] INFO:   [Batch 200/782] loss: 1.9454
[2026-06-01 06:16:08,208] INFO:   [Batch 300/782] loss: 2.4474
[2026-06-01 06:17:09,570] INFO:   [Batch 400/782] loss: 3.4399
[2026-06-01 06:18:10,938] INFO:   [Batch 500/782] loss: 2.9335
[2026-06-01 06:19:12,287] INFO:   [Batch 600/782] loss: 1.2666
[2026-06-01 06:20:13,661] INFO:   [Batch 700/782] loss: 2.3805
[2026-06-01 06:21:03,546] INFO:  Epoch 54 done. Time: 7.99m, Average Loss: 2.5083
[2026-06-01 06:21:03,759] INFO: Epoch [55/150] starting...
[2026-06-01 06:22:05,278] INFO:   [Batch 100/782] loss: 3.2645
[2026-06-01 06:23:06,630] INFO:   [Batch 200/782] loss: 3.4712
[2026-06-01 06:24:07,995] INFO:   [Batch 300/782] loss: 1.5429
[2026-06-01 06:25:09,361] INFO:   [Batch 400/782] loss: 2.1890
[2026-06-01 06:26:10,697] INFO:   [Batch 500/782] loss: 3.3137
[2026-06-01 06:27:12,024] INFO:   [Batch 600/782] loss: 1.1329
[2026-06-01 06:28:13,338] INFO:   [Batch 700/782] loss: 1.2164
[2026-06-01 06:29:03,223] INFO:  Epoch 55 done. Time: 7.99m, Average Loss: 2.4411
[2026-06-01 06:29:03,444] INFO: Epoch [56/150] starting...
[2026-06-01 06:30:04,956] INFO:   [Batch 100/782] loss: 3.2429
[2026-06-01 06:31:06,309] INFO:   [Batch 200/782] loss: 2.8137
[2026-06-01 06:32:07,647] INFO:   [Batch 300/782] loss: 3.6332
[2026-06-01 06:33:09,002] INFO:   [Batch 400/782] loss: 2.0332
[2026-06-01 06:34:10,345] INFO:   [Batch 500/782] loss: 1.3890
[2026-06-01 06:35:11,688] INFO:   [Batch 600/782] loss: 1.3777
[2026-06-01 06:36:13,016] INFO:   [Batch 700/782] loss: 1.7797
[2026-06-01 06:37:02,887] INFO:  Epoch 56 done. Time: 7.99m, Average Loss: 2.4319
[2026-06-01 06:37:03,120] INFO: Epoch [57/150] starting...
[2026-06-01 06:38:04,614] INFO:   [Batch 100/782] loss: 3.0051
[2026-06-01 06:39:05,941] INFO:   [Batch 200/782] loss: 3.3166
[2026-06-01 06:40:07,288] INFO:   [Batch 300/782] loss: 3.2333
[2026-06-01 06:41:08,643] INFO:   [Batch 400/782] loss: 3.0762
[2026-06-01 06:42:10,014] INFO:   [Batch 500/782] loss: 1.3412
[2026-06-01 06:43:11,377] INFO:   [Batch 600/782] loss: 1.9465
[2026-06-01 06:44:12,745] INFO:   [Batch 700/782] loss: 3.4477
[2026-06-01 06:45:02,638] INFO:  Epoch 57 done. Time: 7.99m, Average Loss: 2.4215
[2026-06-01 06:45:02,856] INFO: Epoch [58/150] starting...
[2026-06-01 06:46:04,400] INFO:   [Batch 100/782] loss: 3.0939
[2026-06-01 06:47:05,739] INFO:   [Batch 200/782] loss: 2.6460
[2026-06-01 06:48:07,084] INFO:   [Batch 300/782] loss: 3.0062
[2026-06-01 06:49:08,439] INFO:   [Batch 400/782] loss: 3.1758
[2026-06-01 06:50:09,817] INFO:   [Batch 500/782] loss: 1.1890
[2026-06-01 06:51:11,182] INFO:   [Batch 600/782] loss: 3.5343
[2026-06-01 06:52:12,560] INFO:   [Batch 700/782] loss: 1.3281
[2026-06-01 06:53:02,474] INFO:  Epoch 58 done. Time: 7.99m, Average Loss: 2.4868
[2026-06-01 06:53:02,623] INFO: Epoch [59/150] starting...
[2026-06-01 06:54:04,163] INFO:   [Batch 100/782] loss: 2.9148
[2026-06-01 06:55:05,551] INFO:   [Batch 200/782] loss: 2.1501
[2026-06-01 06:56:06,914] INFO:   [Batch 300/782] loss: 3.3399
[2026-06-01 06:57:08,271] INFO:   [Batch 400/782] loss: 2.0293
[2026-06-01 06:58:09,620] INFO:   [Batch 500/782] loss: 1.1328
[2026-06-01 06:59:10,991] INFO:   [Batch 600/782] loss: 3.1974
[2026-06-01 07:00:12,328] INFO:   [Batch 700/782] loss: 3.0732
[2026-06-01 07:01:02,205] INFO:  Epoch 59 done. Time: 7.99m, Average Loss: 2.4469
[2026-06-01 07:01:02,424] INFO: Epoch [60/150] starting...
[2026-06-01 07:02:03,924] INFO:   [Batch 100/782] loss: 3.5932
[2026-06-01 07:03:05,245] INFO:   [Batch 200/782] loss: 3.6123
[2026-06-01 07:04:06,606] INFO:   [Batch 300/782] loss: 2.2069
[2026-06-01 07:05:07,943] INFO:   [Batch 400/782] loss: 1.1701
[2026-06-01 07:06:09,293] INFO:   [Batch 500/782] loss: 1.2008
[2026-06-01 07:07:10,637] INFO:   [Batch 600/782] loss: 3.1835
[2026-06-01 07:08:11,980] INFO:   [Batch 700/782] loss: 2.1434
[2026-06-01 07:09:01,842] INFO:  Epoch 60 done. Time: 7.99m, Average Loss: 2.3434
[2026-06-01 07:09:02,074] INFO: Epoch [61/150] starting...
[2026-06-01 07:10:03,574] INFO:   [Batch 100/782] loss: 3.2542
[2026-06-01 07:11:04,881] INFO:   [Batch 200/782] loss: 1.6117
[2026-06-01 07:12:06,193] INFO:   [Batch 300/782] loss: 1.4108
[2026-06-01 07:13:07,500] INFO:   [Batch 400/782] loss: 1.7148
[2026-06-01 07:14:08,835] INFO:   [Batch 500/782] loss: 1.5271
[2026-06-01 07:15:10,178] INFO:   [Batch 600/782] loss: 2.1349
[2026-06-01 07:16:11,531] INFO:   [Batch 700/782] loss: 3.1545
[2026-06-01 07:17:01,414] INFO:  Epoch 61 done. Time: 7.99m, Average Loss: 2.4318
[2026-06-01 07:17:01,624] INFO: Epoch [62/150] starting...
[2026-06-01 07:18:03,172] INFO:   [Batch 100/782] loss: 1.6126
[2026-06-01 07:19:04,499] INFO:   [Batch 200/782] loss: 1.2056
[2026-06-01 07:20:05,826] INFO:   [Batch 300/782] loss: 1.3181
[2026-06-01 07:21:07,175] INFO:   [Batch 400/782] loss: 1.1864
[2026-06-01 07:22:08,531] INFO:   [Batch 500/782] loss: 1.3477
[2026-06-01 07:23:09,896] INFO:   [Batch 600/782] loss: 1.1030
[2026-06-01 07:24:11,242] INFO:   [Batch 700/782] loss: 2.7449
[2026-06-01 07:25:01,135] INFO:  Epoch 62 done. Time: 7.99m, Average Loss: 2.4184
[2026-06-01 07:25:01,343] INFO: Epoch [63/150] starting...
[2026-06-01 07:26:02,869] INFO:   [Batch 100/782] loss: 2.7739
[2026-06-01 07:27:04,250] INFO:   [Batch 200/782] loss: 3.6172
[2026-06-01 07:28:05,642] INFO:   [Batch 300/782] loss: 3.0107
[2026-06-01 07:29:07,022] INFO:   [Batch 400/782] loss: 3.3234
[2026-06-01 07:30:08,407] INFO:   [Batch 500/782] loss: 2.5414
[2026-06-01 07:31:09,803] INFO:   [Batch 600/782] loss: 2.4603
[2026-06-01 07:32:11,200] INFO:   [Batch 700/782] loss: 3.2160
[2026-06-01 07:33:01,120] INFO:  Epoch 63 done. Time: 8.00m, Average Loss: 2.4463
[2026-06-01 07:33:01,276] INFO: Epoch [64/150] starting...
[2026-06-01 07:34:02,843] INFO:   [Batch 100/782] loss: 1.2335
[2026-06-01 07:35:04,238] INFO:   [Batch 200/782] loss: 3.0852
[2026-06-01 07:36:05,640] INFO:   [Batch 300/782] loss: 1.9298
[2026-06-01 07:37:07,046] INFO:   [Batch 400/782] loss: 3.1839
[2026-06-01 07:38:08,461] INFO:   [Batch 500/782] loss: 2.4910
[2026-06-01 07:39:09,876] INFO:   [Batch 600/782] loss: 3.4892
[2026-06-01 07:40:11,287] INFO:   [Batch 700/782] loss: 3.1542
[2026-06-01 07:41:01,235] INFO:  Epoch 64 done. Time: 8.00m, Average Loss: 2.3796
[2026-06-01 07:41:01,444] INFO: Epoch [65/150] starting...
[2026-06-01 07:42:03,032] INFO:   [Batch 100/782] loss: 1.4973
[2026-06-01 07:43:04,413] INFO:   [Batch 200/782] loss: 3.2280
[2026-06-01 07:44:05,797] INFO:   [Batch 300/782] loss: 1.9406
[2026-06-01 07:45:07,186] INFO:   [Batch 400/782] loss: 1.5298
[2026-06-01 07:46:08,548] INFO:   [Batch 500/782] loss: 1.5070
[2026-06-01 07:47:09,949] INFO:   [Batch 600/782] loss: 3.4051
[2026-06-01 07:48:11,359] INFO:   [Batch 700/782] loss: 2.3928
[2026-06-01 07:49:01,304] INFO:  Epoch 65 done. Time: 8.00m, Average Loss: 2.3495
[2026-06-01 07:49:01,525] INFO: Epoch [66/150] starting...
[2026-06-01 07:50:03,138] INFO:   [Batch 100/782] loss: 1.6318
[2026-06-01 07:51:04,595] INFO:   [Batch 200/782] loss: 3.1427
[2026-06-01 07:52:06,047] INFO:   [Batch 300/782] loss: 1.1465
[2026-06-01 07:53:07,464] INFO:   [Batch 400/782] loss: 1.9972
[2026-06-01 07:54:08,850] INFO:   [Batch 500/782] loss: 1.4705
[2026-06-01 07:55:10,273] INFO:   [Batch 600/782] loss: 3.3840
[2026-06-01 07:56:11,723] INFO:   [Batch 700/782] loss: 1.0794
[2026-06-01 07:57:01,691] INFO:  Epoch 66 done. Time: 8.00m, Average Loss: 2.3952
[2026-06-01 07:57:01,897] INFO: Epoch [67/150] starting...
[2026-06-01 07:58:03,515] INFO:   [Batch 100/782] loss: 1.6387
[2026-06-01 07:59:04,975] INFO:   [Batch 200/782] loss: 2.3262
[2026-06-01 08:00:06,409] INFO:   [Batch 300/782] loss: 2.3691
[2026-06-01 08:01:07,866] INFO:   [Batch 400/782] loss: 2.9549
[2026-06-01 08:02:09,327] INFO:   [Batch 500/782] loss: 2.7245
[2026-06-01 08:03:10,776] INFO:   [Batch 600/782] loss: 1.3468
[2026-06-01 08:04:12,250] INFO:   [Batch 700/782] loss: 3.2879
[2026-06-01 08:05:02,219] INFO:  Epoch 67 done. Time: 8.01m, Average Loss: 2.3924
[2026-06-01 08:05:02,438] INFO: Epoch [68/150] starting...
[2026-06-01 08:06:04,043] INFO:   [Batch 100/782] loss: 2.3270
[2026-06-01 08:07:05,477] INFO:   [Batch 200/782] loss: 1.4130
[2026-06-01 08:08:06,899] INFO:   [Batch 300/782] loss: 2.1108
[2026-06-01 08:09:08,345] INFO:   [Batch 400/782] loss: 3.1666
[2026-06-01 08:10:09,780] INFO:   [Batch 500/782] loss: 1.5678
[2026-06-01 08:11:11,197] INFO:   [Batch 600/782] loss: 1.3030
[2026-06-01 08:12:12,605] INFO:   [Batch 700/782] loss: 3.0578
[2026-06-01 08:13:02,544] INFO:  Epoch 68 done. Time: 8.00m, Average Loss: 2.3367
[2026-06-01 08:13:02,744] INFO: Epoch [69/150] starting...
[2026-06-01 08:14:04,333] INFO:   [Batch 100/782] loss: 1.2304
[2026-06-01 08:15:05,744] INFO:   [Batch 200/782] loss: 1.1440
[2026-06-01 08:16:07,178] INFO:   [Batch 300/782] loss: 1.5874
[2026-06-01 08:17:08,599] INFO:   [Batch 400/782] loss: 1.1525
[2026-06-01 08:18:10,036] INFO:   [Batch 500/782] loss: 3.2357
[2026-06-01 08:19:11,482] INFO:   [Batch 600/782] loss: 3.4897
[2026-06-01 08:20:12,926] INFO:   [Batch 700/782] loss: 2.3515
[2026-06-01 08:21:02,885] INFO:  Epoch 69 done. Time: 8.00m, Average Loss: 2.3667
[2026-06-01 08:21:03,061] INFO: Epoch [70/150] starting...
[2026-06-01 08:22:04,710] INFO:   [Batch 100/782] loss: 2.6178
[2026-06-01 08:23:06,154] INFO:   [Batch 200/782] loss: 3.0360
[2026-06-01 08:24:07,594] INFO:   [Batch 300/782] loss: 1.0424
[2026-06-01 08:25:09,029] INFO:   [Batch 400/782] loss: 1.0893
[2026-06-01 08:26:10,424] INFO:   [Batch 500/782] loss: 2.7635
[2026-06-01 08:27:11,811] INFO:   [Batch 600/782] loss: 2.0012
[2026-06-01 08:28:13,192] INFO:   [Batch 700/782] loss: 1.4459
[2026-06-01 08:29:03,124] INFO:  Epoch 70 done. Time: 8.00m, Average Loss: 2.3494
[2026-06-01 08:29:03,335] INFO: Epoch [71/150] starting...
[2026-06-01 08:30:04,885] INFO:   [Batch 100/782] loss: 2.9782
[2026-06-01 08:31:06,255] INFO:   [Batch 200/782] loss: 1.2067
[2026-06-01 08:32:07,633] INFO:   [Batch 300/782] loss: 2.3644
[2026-06-01 08:33:09,021] INFO:   [Batch 400/782] loss: 2.4662
[2026-06-01 08:34:10,399] INFO:   [Batch 500/782] loss: 2.1938
[2026-06-01 08:35:11,783] INFO:   [Batch 600/782] loss: 2.9047
[2026-06-01 08:36:13,173] INFO:   [Batch 700/782] loss: 2.4871
[2026-06-01 08:37:03,072] INFO:  Epoch 71 done. Time: 8.00m, Average Loss: 2.2785
[2026-06-01 08:37:03,293] INFO: Epoch [72/150] starting...
[2026-06-01 08:38:04,834] INFO:   [Batch 100/782] loss: 1.5909
[2026-06-01 08:39:06,189] INFO:   [Batch 200/782] loss: 2.9954
[2026-06-01 08:40:07,549] INFO:   [Batch 300/782] loss: 2.8673
[2026-06-01 08:41:08,934] INFO:   [Batch 400/782] loss: 1.1235
[2026-06-01 08:42:10,296] INFO:   [Batch 500/782] loss: 2.8735
[2026-06-01 08:43:11,647] INFO:   [Batch 600/782] loss: 3.3646
[2026-06-01 08:44:13,017] INFO:   [Batch 700/782] loss: 1.5149
[2026-06-01 08:45:02,922] INFO:  Epoch 72 done. Time: 7.99m, Average Loss: 2.3341
[2026-06-01 08:45:03,098] INFO: Epoch [73/150] starting...
[2026-06-01 08:46:04,671] INFO:   [Batch 100/782] loss: 1.9333
[2026-06-01 08:47:06,066] INFO:   [Batch 200/782] loss: 3.5506
[2026-06-01 08:48:07,480] INFO:   [Batch 300/782] loss: 3.1778
[2026-06-01 08:49:08,885] INFO:   [Batch 400/782] loss: 2.2682
[2026-06-01 08:50:10,298] INFO:   [Batch 500/782] loss: 2.5452
[2026-06-01 08:51:11,704] INFO:   [Batch 600/782] loss: 1.7141
[2026-06-01 08:52:13,114] INFO:   [Batch 700/782] loss: 3.7602
[2026-06-01 08:53:03,054] INFO:  Epoch 73 done. Time: 8.00m, Average Loss: 2.3018
[2026-06-01 08:53:03,284] INFO: Epoch [74/150] starting...
[2026-06-01 08:54:04,857] INFO:   [Batch 100/782] loss: 2.9170
[2026-06-01 08:55:06,272] INFO:   [Batch 200/782] loss: 1.1922
[2026-06-01 08:56:07,675] INFO:   [Batch 300/782] loss: 1.6604
[2026-06-01 08:57:09,099] INFO:   [Batch 400/782] loss: 1.1267
[2026-06-01 08:58:10,536] INFO:   [Batch 500/782] loss: 2.7420
[2026-06-01 08:59:11,956] INFO:   [Batch 600/782] loss: 1.1111
[2026-06-01 09:00:13,338] INFO:   [Batch 700/782] loss: 3.1567
[2026-06-01 09:01:03,263] INFO:  Epoch 74 done. Time: 8.00m, Average Loss: 2.3184
[2026-06-01 09:01:03,412] INFO: Epoch [75/150] starting...
[2026-06-01 09:02:04,989] INFO:   [Batch 100/782] loss: 2.8429
[2026-06-01 09:03:06,393] INFO:   [Batch 200/782] loss: 2.3999
[2026-06-01 09:04:07,813] INFO:   [Batch 300/782] loss: 2.2916
[2026-06-01 09:05:09,250] INFO:   [Batch 400/782] loss: 3.6374
[2026-06-01 09:06:23,977] INFO:   [Batch 500/782] loss: 1.7904
[2026-06-01 09:07:25,404] INFO:   [Batch 600/782] loss: 3.2393
[2026-06-01 09:08:26,817] INFO:   [Batch 700/782] loss: 1.6613
[2026-06-01 09:09:16,776] INFO:  Epoch 75 done. Time: 8.22m, Average Loss: 2.3932
[2026-06-01 09:09:16,955] INFO: Epoch [76/150] starting...
[2026-06-01 09:10:18,572] INFO:   [Batch 100/782] loss: 2.0710
[2026-06-01 09:11:19,985] INFO:   [Batch 200/782] loss: 2.5564
[2026-06-01 09:12:21,377] INFO:   [Batch 300/782] loss: 3.1242
[2026-06-01 09:13:22,705] INFO:   [Batch 400/782] loss: 1.5339
[2026-06-01 09:14:23,973] INFO:   [Batch 500/782] loss: 3.4817
[2026-06-01 09:15:25,196] INFO:   [Batch 600/782] loss: 2.1910
[2026-06-01 09:16:26,393] INFO:   [Batch 700/782] loss: 1.1106
[2026-06-01 09:17:16,136] INFO:  Epoch 76 done. Time: 7.99m, Average Loss: 2.3596
[2026-06-01 09:17:16,305] INFO: Epoch [77/150] starting...
[2026-06-01 09:18:17,609] INFO:   [Batch 100/782] loss: 1.8521
[2026-06-01 09:19:18,740] INFO:   [Batch 200/782] loss: 2.7823
[2026-06-01 09:20:19,873] INFO:   [Batch 300/782] loss: 3.3175
[2026-06-01 09:21:21,013] INFO:   [Batch 400/782] loss: 1.7776
[2026-06-01 09:22:22,161] INFO:   [Batch 500/782] loss: 3.2166
[2026-06-01 09:23:23,322] INFO:   [Batch 600/782] loss: 2.7882
[2026-06-01 09:24:24,475] INFO:   [Batch 700/782] loss: 1.1894
[2026-06-01 09:25:14,183] INFO:  Epoch 77 done. Time: 7.96m, Average Loss: 2.2475
[2026-06-01 09:25:14,401] INFO: Epoch [78/150] starting...
[2026-06-01 09:26:15,720] INFO:   [Batch 100/782] loss: 1.7834
[2026-06-01 09:27:16,868] INFO:   [Batch 200/782] loss: 1.0320
[2026-06-01 09:28:18,002] INFO:   [Batch 300/782] loss: 1.4881
[2026-06-01 09:29:19,138] INFO:   [Batch 400/782] loss: 1.0675
[2026-06-01 09:30:20,270] INFO:   [Batch 500/782] loss: 1.8640
[2026-06-01 09:31:21,399] INFO:   [Batch 600/782] loss: 1.8592
[2026-06-01 09:32:22,549] INFO:   [Batch 700/782] loss: 2.7917
[2026-06-01 09:33:12,259] INFO:  Epoch 78 done. Time: 7.96m, Average Loss: 2.2901
[2026-06-01 09:33:12,412] INFO: Epoch [79/150] starting...
[2026-06-01 09:34:13,726] INFO:   [Batch 100/782] loss: 2.6255
[2026-06-01 09:35:14,860] INFO:   [Batch 200/782] loss: 3.1008
[2026-06-01 09:36:15,983] INFO:   [Batch 300/782] loss: 2.6076
[2026-06-01 09:37:17,087] INFO:   [Batch 400/782] loss: 1.2120
[2026-06-01 09:38:18,205] INFO:   [Batch 500/782] loss: 1.7469
[2026-06-01 09:39:19,334] INFO:   [Batch 600/782] loss: 1.9915
[2026-06-01 09:40:20,385] INFO:   [Batch 700/782] loss: 2.6267
[2026-06-01 09:41:10,018] INFO:  Epoch 79 done. Time: 7.96m, Average Loss: 2.2735
[2026-06-01 09:41:10,227] INFO: Epoch [80/150] starting...
[2026-06-01 09:42:11,454] INFO:   [Batch 100/782] loss: 1.1164
[2026-06-01 09:43:12,485] INFO:   [Batch 200/782] loss: 3.4415
[2026-06-01 09:44:13,521] INFO:   [Batch 300/782] loss: 1.5555
[2026-06-01 09:45:14,544] INFO:   [Batch 400/782] loss: 3.2972
[2026-06-01 09:46:15,537] INFO:   [Batch 500/782] loss: 2.4560
[2026-06-01 09:47:16,522] INFO:   [Batch 600/782] loss: 3.5601
[2026-06-01 09:48:17,565] INFO:   [Batch 700/782] loss: 2.7797
[2026-06-01 09:49:07,203] INFO:  Epoch 80 done. Time: 7.95m, Average Loss: 2.2659
[2026-06-01 09:49:07,356] INFO: Epoch [81/150] starting...
[2026-06-01 09:50:08,556] INFO:   [Batch 100/782] loss: 2.3749
[2026-06-01 09:51:09,539] INFO:   [Batch 200/782] loss: 1.8124
[2026-06-01 09:52:10,528] INFO:   [Batch 300/782] loss: 1.6064
[2026-06-01 09:53:11,535] INFO:   [Batch 400/782] loss: 3.2060
[2026-06-01 09:54:12,542] INFO:   [Batch 500/782] loss: 1.6431
[2026-06-01 09:55:13,541] INFO:   [Batch 600/782] loss: 1.4721
[2026-06-01 09:56:14,600] INFO:   [Batch 700/782] loss: 1.2920
[2026-06-01 09:57:04,257] INFO:  Epoch 81 done. Time: 7.95m, Average Loss: 2.2432
[2026-06-01 09:57:04,465] INFO: Epoch [82/150] starting...
[2026-06-01 09:58:05,721] INFO:   [Batch 100/782] loss: 3.4915
[2026-06-01 09:59:06,771] INFO:   [Batch 200/782] loss: 1.0754
[2026-06-01 10:00:07,843] INFO:   [Batch 300/782] loss: 2.9835
[2026-06-01 10:01:08,926] INFO:   [Batch 400/782] loss: 3.5263
[2026-06-01 10:02:10,033] INFO:   [Batch 500/782] loss: 1.2505
[2026-06-01 10:03:11,150] INFO:   [Batch 600/782] loss: 2.9655
[2026-06-01 10:04:12,275] INFO:   [Batch 700/782] loss: 2.9948
[2026-06-01 10:05:01,991] INFO:  Epoch 82 done. Time: 7.96m, Average Loss: 2.2578
[2026-06-01 10:05:02,166] INFO: Epoch [83/150] starting...
[2026-06-01 10:06:03,462] INFO:   [Batch 100/782] loss: 1.0414
[2026-06-01 10:07:04,615] INFO:   [Batch 200/782] loss: 2.3433
[2026-06-01 10:08:05,758] INFO:   [Batch 300/782] loss: 1.5842
[2026-06-01 10:09:06,892] INFO:   [Batch 400/782] loss: 1.6246
[2026-06-01 10:10:08,036] INFO:   [Batch 500/782] loss: 3.0236
[2026-06-01 10:11:09,177] INFO:   [Batch 600/782] loss: 2.2121
[2026-06-01 10:12:10,313] INFO:   [Batch 700/782] loss: 3.4974
[2026-06-01 10:13:00,028] INFO:  Epoch 83 done. Time: 7.96m, Average Loss: 2.2571
[2026-06-01 10:13:00,257] INFO: Epoch [84/150] starting...
[2026-06-01 10:14:01,567] INFO:   [Batch 100/782] loss: 2.5792
[2026-06-01 10:15:02,725] INFO:   [Batch 200/782] loss: 1.4809
[2026-06-01 10:16:03,896] INFO:   [Batch 300/782] loss: 1.0455
[2026-06-01 10:17:05,066] INFO:   [Batch 400/782] loss: 3.0841
[2026-06-01 10:18:06,225] INFO:   [Batch 500/782] loss: 2.9297
[2026-06-01 10:19:07,375] INFO:   [Batch 600/782] loss: 3.4033
[2026-06-01 10:20:08,529] INFO:   [Batch 700/782] loss: 2.2610
[2026-06-01 10:20:58,255] INFO:  Epoch 84 done. Time: 7.97m, Average Loss: 2.2226
[2026-06-01 10:20:58,433] INFO: Epoch [85/150] starting...
[2026-06-01 10:21:59,761] INFO:   [Batch 100/782] loss: 3.4973
[2026-06-01 10:23:00,892] INFO:   [Batch 200/782] loss: 2.7955
[2026-06-01 10:24:02,022] INFO:   [Batch 300/782] loss: 2.7612
[2026-06-01 10:25:03,134] INFO:   [Batch 400/782] loss: 2.5549
[2026-06-01 10:26:04,245] INFO:   [Batch 500/782] loss: 1.0482
[2026-06-01 10:27:05,384] INFO:   [Batch 600/782] loss: 2.3841
[2026-06-01 10:28:06,508] INFO:   [Batch 700/782] loss: 2.6399
[2026-06-01 10:28:56,226] INFO:  Epoch 85 done. Time: 7.96m, Average Loss: 2.2801
[2026-06-01 10:28:56,455] INFO: Epoch [86/150] starting...
[2026-06-01 10:29:57,764] INFO:   [Batch 100/782] loss: 2.1114
[2026-06-01 10:30:58,898] INFO:   [Batch 200/782] loss: 3.5761
[2026-06-01 10:32:00,021] INFO:   [Batch 300/782] loss: 1.0346
[2026-06-01 10:33:01,135] INFO:   [Batch 400/782] loss: 2.8782
[2026-06-01 10:34:02,278] INFO:   [Batch 500/782] loss: 3.0701
[2026-06-01 10:35:03,451] INFO:   [Batch 600/782] loss: 2.4969
[2026-06-01 10:36:04,602] INFO:   [Batch 700/782] loss: 1.0467
[2026-06-01 10:36:54,324] INFO:  Epoch 86 done. Time: 7.96m, Average Loss: 2.2619
[2026-06-01 10:36:54,550] INFO: Epoch [87/150] starting...
[2026-06-01 10:37:55,892] INFO:   [Batch 100/782] loss: 1.0910
[2026-06-01 10:38:57,050] INFO:   [Batch 200/782] loss: 1.5243
[2026-06-01 10:39:58,220] INFO:   [Batch 300/782] loss: 1.9500
[2026-06-01 10:40:59,429] INFO:   [Batch 400/782] loss: 1.2097
[2026-06-01 10:42:00,665] INFO:   [Batch 500/782] loss: 2.5453
[2026-06-01 10:43:01,920] INFO:   [Batch 600/782] loss: 3.0843
[2026-06-01 10:44:03,199] INFO:   [Batch 700/782] loss: 2.6695
[2026-06-01 10:44:53,030] INFO:  Epoch 87 done. Time: 7.97m, Average Loss: 2.2274
[2026-06-01 10:44:53,247] INFO: Epoch [88/150] starting...
[2026-06-01 10:45:54,716] INFO:   [Batch 100/782] loss: 3.1716
[2026-06-01 10:46:56,031] INFO:   [Batch 200/782] loss: 2.1118
[2026-06-01 10:47:57,345] INFO:   [Batch 300/782] loss: 1.2132
[2026-06-01 10:48:58,683] INFO:   [Batch 400/782] loss: 2.0630
[2026-06-01 10:50:00,024] INFO:   [Batch 500/782] loss: 1.4563
[2026-06-01 10:51:01,366] INFO:   [Batch 600/782] loss: 3.1221
[2026-06-01 10:52:02,720] INFO:   [Batch 700/782] loss: 1.9541
[2026-06-01 10:52:52,611] INFO:  Epoch 88 done. Time: 7.99m, Average Loss: 2.2049
[2026-06-01 10:52:52,814] INFO: Epoch [89/150] starting...
[2026-06-01 10:53:54,302] INFO:   [Batch 100/782] loss: 1.8887
[2026-06-01 10:54:55,638] INFO:   [Batch 200/782] loss: 1.1750
[2026-06-01 10:55:57,024] INFO:   [Batch 300/782] loss: 1.5176
[2026-06-01 10:56:58,411] INFO:   [Batch 400/782] loss: 1.1123
[2026-06-01 10:57:59,825] INFO:   [Batch 500/782] loss: 1.1378
[2026-06-01 10:59:01,259] INFO:   [Batch 600/782] loss: 1.5924
[2026-06-01 11:00:02,684] INFO:   [Batch 700/782] loss: 2.5139
[2026-06-01 11:00:52,662] INFO:  Epoch 89 done. Time: 8.00m, Average Loss: 2.1942
[2026-06-01 11:00:52,889] INFO: Epoch [90/150] starting...
[2026-06-01 11:01:54,521] INFO:   [Batch 100/782] loss: 2.1980
[2026-06-01 11:03:04,660] INFO:   [Batch 200/782] loss: 3.0285
[2026-06-01 11:04:06,150] INFO:   [Batch 300/782] loss: 2.6815
[2026-06-01 11:05:07,629] INFO:   [Batch 400/782] loss: 1.0205
[2026-06-01 11:06:09,132] INFO:   [Batch 500/782] loss: 2.3225
[2026-06-01 11:07:10,666] INFO:   [Batch 600/782] loss: 1.5618
[2026-06-01 11:08:12,192] INFO:   [Batch 700/782] loss: 3.5512
[2026-06-01 11:09:02,213] INFO:  Epoch 90 done. Time: 8.16m, Average Loss: 2.2162
[2026-06-01 11:09:02,445] INFO: Epoch [91/150] starting...
[2026-06-01 11:10:04,188] INFO:   [Batch 100/782] loss: 2.5960
[2026-06-01 11:11:05,736] INFO:   [Batch 200/782] loss: 1.7339
[2026-06-01 11:12:07,278] INFO:   [Batch 300/782] loss: 1.2394
[2026-06-01 11:13:08,827] INFO:   [Batch 400/782] loss: 2.0382
[2026-06-01 11:14:10,364] INFO:   [Batch 500/782] loss: 2.4870
[2026-06-01 11:15:11,907] INFO:   [Batch 600/782] loss: 1.0681
[2026-06-01 11:16:13,423] INFO:   [Batch 700/782] loss: 2.8090
[2026-06-01 11:17:03,433] INFO:  Epoch 91 done. Time: 8.02m, Average Loss: 2.2193
[2026-06-01 11:17:03,635] INFO: Epoch [92/150] starting...
[2026-06-01 11:18:05,330] INFO:   [Batch 100/782] loss: 1.5976
[2026-06-01 11:19:06,858] INFO:   [Batch 200/782] loss: 1.8658
[2026-06-01 11:20:08,414] INFO:   [Batch 300/782] loss: 3.5259
[2026-06-01 11:21:09,959] INFO:   [Batch 400/782] loss: 3.0417
[2026-06-01 11:22:11,524] INFO:   [Batch 500/782] loss: 3.0028
[2026-06-01 11:23:13,063] INFO:   [Batch 600/782] loss: 2.8916
[2026-06-01 11:24:14,595] INFO:   [Batch 700/782] loss: 1.5781
[2026-06-01 11:25:04,633] INFO:  Epoch 92 done. Time: 8.02m, Average Loss: 2.2161
[2026-06-01 11:25:04,852] INFO: Epoch [93/150] starting...
[2026-06-01 11:26:06,583] INFO:   [Batch 100/782] loss: 1.8991
[2026-06-01 11:27:08,103] INFO:   [Batch 200/782] loss: 1.3441
[2026-06-01 11:28:09,635] INFO:   [Batch 300/782] loss: 2.8890
[2026-06-01 11:29:11,230] INFO:   [Batch 400/782] loss: 2.0755
[2026-06-01 11:30:12,801] INFO:   [Batch 500/782] loss: 2.8046
[2026-06-01 11:31:14,374] INFO:   [Batch 600/782] loss: 3.0055
[2026-06-01 11:32:15,931] INFO:   [Batch 700/782] loss: 2.2557
[2026-06-01 11:33:05,997] INFO:  Epoch 93 done. Time: 8.02m, Average Loss: 2.2263
[2026-06-01 11:33:06,210] INFO: Epoch [94/150] starting...
[2026-06-01 11:34:07,949] INFO:   [Batch 100/782] loss: 1.2823
[2026-06-01 11:35:09,522] INFO:   [Batch 200/782] loss: 1.1062
[2026-06-01 11:36:11,081] INFO:   [Batch 300/782] loss: 1.0552
[2026-06-01 11:37:12,646] INFO:   [Batch 400/782] loss: 2.5866
[2026-06-01 11:38:14,222] INFO:   [Batch 500/782] loss: 2.2837
[2026-06-01 11:39:15,813] INFO:   [Batch 600/782] loss: 1.3144
[2026-06-01 11:40:17,392] INFO:   [Batch 700/782] loss: 2.9232
[2026-06-01 11:41:07,473] INFO:  Epoch 94 done. Time: 8.02m, Average Loss: 2.2011
[2026-06-01 11:41:07,679] INFO: Epoch [95/150] starting...
[2026-06-01 11:42:09,409] INFO:   [Batch 100/782] loss: 2.6938
[2026-06-01 11:43:10,977] INFO:   [Batch 200/782] loss: 3.2984
[2026-06-01 11:44:12,569] INFO:   [Batch 300/782] loss: 1.3133
[2026-06-01 11:45:14,168] INFO:   [Batch 400/782] loss: 1.0684
[2026-06-01 11:46:15,757] INFO:   [Batch 500/782] loss: 0.9767
[2026-06-01 11:47:17,345] INFO:   [Batch 600/782] loss: 2.1235
[2026-06-01 11:48:18,936] INFO:   [Batch 700/782] loss: 1.5196
[2026-06-01 11:49:09,033] INFO:  Epoch 95 done. Time: 8.02m, Average Loss: 2.2060
[2026-06-01 11:49:09,207] INFO: Epoch [96/150] starting...
[2026-06-01 11:50:10,978] INFO:   [Batch 100/782] loss: 2.4795
[2026-06-01 11:51:12,594] INFO:   [Batch 200/782] loss: 1.4335
[2026-06-01 11:52:14,199] INFO:   [Batch 300/782] loss: 3.6323
[2026-06-01 11:53:15,805] INFO:   [Batch 400/782] loss: 2.9008
[2026-06-01 11:54:17,410] INFO:   [Batch 500/782] loss: 2.7309
[2026-06-01 11:55:19,039] INFO:   [Batch 600/782] loss: 1.0664
[2026-06-01 11:56:20,660] INFO:   [Batch 700/782] loss: 1.1831
[2026-06-01 11:57:10,780] INFO:  Epoch 96 done. Time: 8.03m, Average Loss: 2.1799
[2026-06-01 11:57:11,005] INFO: Epoch [97/150] starting...
[2026-06-01 11:58:12,798] INFO:   [Batch 100/782] loss: 2.6786
[2026-06-01 11:59:14,444] INFO:   [Batch 200/782] loss: 1.0516
[2026-06-01 12:00:16,086] INFO:   [Batch 300/782] loss: 2.4305
[2026-06-01 12:01:17,750] INFO:   [Batch 400/782] loss: 3.0717
[2026-06-01 12:02:19,433] INFO:   [Batch 500/782] loss: 2.4728
[2026-06-01 12:03:21,095] INFO:   [Batch 600/782] loss: 2.0494
[2026-06-01 12:04:22,755] INFO:   [Batch 700/782] loss: 2.4924
[2026-06-01 12:05:12,888] INFO:  Epoch 97 done. Time: 8.03m, Average Loss: 2.1857
[2026-06-01 12:05:13,065] INFO: Epoch [98/150] starting...
[2026-06-01 12:06:14,908] INFO:   [Batch 100/782] loss: 3.4408
[2026-06-01 12:07:16,576] INFO:   [Batch 200/782] loss: 1.1529
[2026-06-01 12:08:18,234] INFO:   [Batch 300/782] loss: 2.2901
[2026-06-01 12:09:19,891] INFO:   [Batch 400/782] loss: 1.8068
[2026-06-01 12:10:21,578] INFO:   [Batch 500/782] loss: 2.4952
[2026-06-01 12:11:23,252] INFO:   [Batch 600/782] loss: 1.7263
[2026-06-01 12:12:24,903] INFO:   [Batch 700/782] loss: 1.2073
[2026-06-01 12:13:15,057] INFO:  Epoch 98 done. Time: 8.03m, Average Loss: 2.1262
[2026-06-01 12:13:15,261] INFO: Epoch [99/150] starting...
[2026-06-01 12:14:17,111] INFO:   [Batch 100/782] loss: 2.5812
[2026-06-01 12:15:18,789] INFO:   [Batch 200/782] loss: 1.8762
[2026-06-01 12:16:20,453] INFO:   [Batch 300/782] loss: 2.1416
[2026-06-01 12:17:22,145] INFO:   [Batch 400/782] loss: 1.8773
[2026-06-01 12:18:23,793] INFO:   [Batch 500/782] loss: 0.9978
[2026-06-01 12:19:25,467] INFO:   [Batch 600/782] loss: 2.5147
[2026-06-01 12:20:27,137] INFO:   [Batch 700/782] loss: 3.3515
[2026-06-01 12:21:17,290] INFO:  Epoch 99 done. Time: 8.03m, Average Loss: 2.1606
[2026-06-01 12:21:17,480] INFO: Epoch [100/150] starting...
[2026-06-01 12:22:19,328] INFO:   [Batch 100/782] loss: 2.9118
[2026-06-01 12:23:21,026] INFO:   [Batch 200/782] loss: 1.0280
[2026-06-01 12:24:22,742] INFO:   [Batch 300/782] loss: 0.9710
[2026-06-01 12:25:24,502] INFO:   [Batch 400/782] loss: 1.4232
[2026-06-01 12:26:26,276] INFO:   [Batch 500/782] loss: 3.6402
[2026-06-01 12:27:28,033] INFO:   [Batch 600/782] loss: 2.6425
[2026-06-01 12:28:29,779] INFO:   [Batch 700/782] loss: 0.9679
[2026-06-01 12:29:19,972] INFO:  Epoch 100 done. Time: 8.04m, Average Loss: 2.1528
[2026-06-01 12:29:20,205] INFO: Epoch [101/150] starting...
[2026-06-01 12:30:22,093] INFO:   [Batch 100/782] loss: 2.1731
[2026-06-01 12:31:23,830] INFO:   [Batch 200/782] loss: 0.9978
[2026-06-01 12:32:25,557] INFO:   [Batch 300/782] loss: 2.6463
[2026-06-01 12:33:27,290] INFO:   [Batch 400/782] loss: 1.9419
[2026-06-01 12:34:29,016] INFO:   [Batch 500/782] loss: 1.5254
[2026-06-01 12:35:30,745] INFO:   [Batch 600/782] loss: 1.2553
[2026-06-01 12:36:32,458] INFO:   [Batch 700/782] loss: 2.8005
[2026-06-01 12:37:22,668] INFO:  Epoch 101 done. Time: 8.04m, Average Loss: 2.1204
[2026-06-01 12:37:22,893] INFO: Epoch [102/150] starting...
[2026-06-01 12:38:24,804] INFO:   [Batch 100/782] loss: 1.4281
[2026-06-01 12:39:26,554] INFO:   [Batch 200/782] loss: 1.6179
[2026-06-01 12:40:28,300] INFO:   [Batch 300/782] loss: 1.5085
[2026-06-01 12:41:30,068] INFO:   [Batch 400/782] loss: 1.1593
[2026-06-01 12:42:31,821] INFO:   [Batch 500/782] loss: 1.6448
[2026-06-01 12:43:33,564] INFO:   [Batch 600/782] loss: 2.9321
[2026-06-01 12:44:35,320] INFO:   [Batch 700/782] loss: 2.8142
[2026-06-01 12:45:25,531] INFO:  Epoch 102 done. Time: 8.04m, Average Loss: 2.1024
[2026-06-01 12:45:25,756] INFO: Epoch [103/150] starting...
[2026-06-01 12:46:29,874] INFO:   [Batch 100/782] loss: 2.7553
[2026-06-01 12:47:31,631] INFO:   [Batch 200/782] loss: 1.0513
[2026-06-01 12:48:33,386] INFO:   [Batch 300/782] loss: 3.2302
[2026-06-01 12:49:35,151] INFO:   [Batch 400/782] loss: 2.3293
[2026-06-01 12:50:36,918] INFO:   [Batch 500/782] loss: 2.0827
[2026-06-01 12:51:38,686] INFO:   [Batch 600/782] loss: 3.0446
[2026-06-01 12:52:40,472] INFO:   [Batch 700/782] loss: 2.9612
[2026-06-01 12:53:30,681] INFO:  Epoch 103 done. Time: 8.08m, Average Loss: 2.1698
[2026-06-01 12:53:30,904] INFO: Epoch [104/150] starting...
[2026-06-01 12:54:32,838] INFO:   [Batch 100/782] loss: 2.4905
[2026-06-01 12:55:34,593] INFO:   [Batch 200/782] loss: 2.6420
[2026-06-01 12:56:36,337] INFO:   [Batch 300/782] loss: 3.3599
[2026-06-01 12:57:38,106] INFO:   [Batch 400/782] loss: 2.6900
[2026-06-01 12:58:39,858] INFO:   [Batch 500/782] loss: 2.4473
[2026-06-01 12:59:41,617] INFO:   [Batch 600/782] loss: 2.8185
[2026-06-01 13:00:43,400] INFO:   [Batch 700/782] loss: 2.0823
[2026-06-01 13:01:33,636] INFO:  Epoch 104 done. Time: 8.05m, Average Loss: 2.1162
[2026-06-01 13:01:33,849] INFO: Epoch [105/150] starting...
[2026-06-01 13:02:35,802] INFO:   [Batch 100/782] loss: 2.0708
[2026-06-01 13:03:37,580] INFO:   [Batch 200/782] loss: 1.2400
[2026-06-01 13:04:39,359] INFO:   [Batch 300/782] loss: 2.6299
[2026-06-01 13:05:41,143] INFO:   [Batch 400/782] loss: 1.1191
[2026-06-01 13:06:42,922] INFO:   [Batch 500/782] loss: 2.7916
[2026-06-01 13:07:44,678] INFO:   [Batch 600/782] loss: 2.4827
[2026-06-01 13:08:46,413] INFO:   [Batch 700/782] loss: 2.2201
[2026-06-01 13:09:36,578] INFO:  Epoch 105 done. Time: 8.05m, Average Loss: 2.1000
[2026-06-01 13:09:36,801] INFO: Epoch [106/150] starting...
[2026-06-01 13:10:38,636] INFO:   [Batch 100/782] loss: 1.5006
[2026-06-01 13:11:40,241] INFO:   [Batch 200/782] loss: 2.6416
[2026-06-01 13:12:41,842] INFO:   [Batch 300/782] loss: 0.9642
[2026-06-01 13:13:43,469] INFO:   [Batch 400/782] loss: 2.1074
[2026-06-01 13:14:45,021] INFO:   [Batch 500/782] loss: 0.9691
[2026-06-01 13:15:46,557] INFO:   [Batch 600/782] loss: 2.5638
[2026-06-01 13:16:48,064] INFO:   [Batch 700/782] loss: 1.0743
[2026-06-01 13:17:38,079] INFO:  Epoch 106 done. Time: 8.02m, Average Loss: 2.0839
[2026-06-01 13:17:38,303] INFO: Epoch [107/150] starting...
[2026-06-01 13:18:39,920] INFO:   [Batch 100/782] loss: 2.1044
[2026-06-01 13:19:41,358] INFO:   [Batch 200/782] loss: 2.7487
[2026-06-01 13:20:42,795] INFO:   [Batch 300/782] loss: 2.5465
[2026-06-01 13:21:44,265] INFO:   [Batch 400/782] loss: 1.2693
[2026-06-01 13:22:45,732] INFO:   [Batch 500/782] loss: 1.0480
[2026-06-01 13:23:47,182] INFO:   [Batch 600/782] loss: 2.0970
[2026-06-01 13:24:48,590] INFO:   [Batch 700/782] loss: 2.6070
[2026-06-01 13:25:38,540] INFO:  Epoch 107 done. Time: 8.00m, Average Loss: 2.0595
[2026-06-01 13:25:38,741] INFO: Epoch [108/150] starting...
[2026-06-01 13:26:40,302] INFO:   [Batch 100/782] loss: 1.1504
[2026-06-01 13:27:41,694] INFO:   [Batch 200/782] loss: 1.2190
[2026-06-01 13:28:43,065] INFO:   [Batch 300/782] loss: 2.8944
[2026-06-01 13:29:44,441] INFO:   [Batch 400/782] loss: 3.4056
[2026-06-01 13:30:45,820] INFO:   [Batch 500/782] loss: 2.1392
[2026-06-01 13:31:47,206] INFO:   [Batch 600/782] loss: 2.1869
[2026-06-01 13:32:48,577] INFO:   [Batch 700/782] loss: 1.2252
[2026-06-01 13:33:38,448] INFO:  Epoch 108 done. Time: 8.00m, Average Loss: 2.1120
[2026-06-01 13:33:38,677] INFO: Epoch [109/150] starting...
[2026-06-01 13:34:40,181] INFO:   [Batch 100/782] loss: 3.3849
[2026-06-01 13:35:41,506] INFO:   [Batch 200/782] loss: 1.3986
[2026-06-01 13:36:42,895] INFO:   [Batch 300/782] loss: 2.7601
[2026-06-01 13:37:44,239] INFO:   [Batch 400/782] loss: 2.9147
[2026-06-01 13:38:45,582] INFO:   [Batch 500/782] loss: 2.5950
[2026-06-01 13:39:46,928] INFO:   [Batch 600/782] loss: 1.6361
[2026-06-01 13:40:48,252] INFO:   [Batch 700/782] loss: 1.9043
[2026-06-01 13:41:38,119] INFO:  Epoch 109 done. Time: 7.99m, Average Loss: 2.0963
[2026-06-01 13:41:38,295] INFO: Epoch [110/150] starting...
[2026-06-01 13:42:39,771] INFO:   [Batch 100/782] loss: 2.4320
[2026-06-01 13:43:41,079] INFO:   [Batch 200/782] loss: 2.9353
[2026-06-01 13:44:42,383] INFO:   [Batch 300/782] loss: 1.1455
[2026-06-01 13:45:43,675] INFO:   [Batch 400/782] loss: 1.2072
[2026-06-01 13:46:44,956] INFO:   [Batch 500/782] loss: 2.0567
[2026-06-01 13:47:46,267] INFO:   [Batch 600/782] loss: 1.1466
[2026-06-01 13:48:47,563] INFO:   [Batch 700/782] loss: 1.3074
[2026-06-01 13:49:37,404] INFO:  Epoch 110 done. Time: 7.99m, Average Loss: 2.0940
[2026-06-01 13:49:37,549] INFO: Epoch [111/150] starting...
[2026-06-01 13:50:38,984] INFO:   [Batch 100/782] loss: 1.5844
[2026-06-01 13:51:40,274] INFO:   [Batch 200/782] loss: 3.0746
[2026-06-01 13:52:41,570] INFO:   [Batch 300/782] loss: 1.5520
[2026-06-01 13:53:42,875] INFO:   [Batch 400/782] loss: 0.9651
[2026-06-01 13:54:44,168] INFO:   [Batch 500/782] loss: 2.7245
[2026-06-01 13:55:45,468] INFO:   [Batch 600/782] loss: 2.1422
[2026-06-01 13:56:46,768] INFO:   [Batch 700/782] loss: 1.1267
[2026-06-01 13:57:36,593] INFO:  Epoch 111 done. Time: 7.98m, Average Loss: 2.1374
[2026-06-01 13:57:36,824] INFO: Epoch [112/150] starting...
[2026-06-01 13:58:38,280] INFO:   [Batch 100/782] loss: 2.5109
[2026-06-01 13:59:39,564] INFO:   [Batch 200/782] loss: 3.3667
[2026-06-01 14:00:40,861] INFO:   [Batch 300/782] loss: 2.7730
[2026-06-01 14:01:42,152] INFO:   [Batch 400/782] loss: 2.8867
[2026-06-01 14:02:43,440] INFO:   [Batch 500/782] loss: 2.7273
[2026-06-01 14:03:44,746] INFO:   [Batch 600/782] loss: 1.0117
[2026-06-01 14:04:46,032] INFO:   [Batch 700/782] loss: 1.0204
[2026-06-01 14:05:35,872] INFO:  Epoch 112 done. Time: 7.98m, Average Loss: 2.1283
[2026-06-01 14:05:36,092] INFO: Epoch [113/150] starting...
[2026-06-01 14:06:37,525] INFO:   [Batch 100/782] loss: 0.9675
[2026-06-01 14:07:38,792] INFO:   [Batch 200/782] loss: 1.5010
[2026-06-01 14:08:40,076] INFO:   [Batch 300/782] loss: 1.9938
[2026-06-01 14:09:41,355] INFO:   [Batch 400/782] loss: 3.1634
[2026-06-01 14:10:42,643] INFO:   [Batch 500/782] loss: 1.8696
[2026-06-01 14:11:43,925] INFO:   [Batch 600/782] loss: 1.2723
[2026-06-01 14:12:45,157] INFO:   [Batch 700/782] loss: 2.3930
[2026-06-01 14:13:34,945] INFO:  Epoch 113 done. Time: 7.98m, Average Loss: 2.1011
[2026-06-01 14:13:35,150] INFO: Epoch [114/150] starting...
[2026-06-01 14:14:36,556] INFO:   [Batch 100/782] loss: 2.3645
[2026-06-01 14:15:37,771] INFO:   [Batch 200/782] loss: 1.2035
[2026-06-01 14:16:41,333] INFO:   [Batch 300/782] loss: 1.4193
[2026-06-01 14:17:42,529] INFO:   [Batch 400/782] loss: 3.2029
[2026-06-01 14:18:43,743] INFO:   [Batch 500/782] loss: 2.4350
[2026-06-01 14:19:44,943] INFO:   [Batch 600/782] loss: 2.7736
[2026-06-01 14:20:46,154] INFO:   [Batch 700/782] loss: 1.6946
[2026-06-01 14:21:35,915] INFO:  Epoch 114 done. Time: 8.01m, Average Loss: 2.0868
[2026-06-01 14:21:36,144] INFO: Epoch [115/150] starting...
[2026-06-01 14:22:37,512] INFO:   [Batch 100/782] loss: 1.1944
[2026-06-01 14:23:38,708] INFO:   [Batch 200/782] loss: 1.0038
[2026-06-01 14:24:39,930] INFO:   [Batch 300/782] loss: 2.6828
[2026-06-01 14:25:41,165] INFO:   [Batch 400/782] loss: 0.9713
[2026-06-01 14:26:42,388] INFO:   [Batch 500/782] loss: 2.7848
[2026-06-01 14:27:43,637] INFO:   [Batch 600/782] loss: 0.9722
[2026-06-01 14:28:44,884] INFO:   [Batch 700/782] loss: 2.0481
[2026-06-01 14:29:34,687] INFO:  Epoch 115 done. Time: 7.98m, Average Loss: 2.1189
[2026-06-01 14:29:34,891] INFO: Epoch [116/150] starting...
[2026-06-01 14:30:36,300] INFO:   [Batch 100/782] loss: 2.9640
[2026-06-01 14:31:37,548] INFO:   [Batch 200/782] loss: 1.3810
[2026-06-01 14:32:38,801] INFO:   [Batch 300/782] loss: 1.8160
[2026-06-01 14:33:40,053] INFO:   [Batch 400/782] loss: 2.5333
[2026-06-01 14:34:41,301] INFO:   [Batch 500/782] loss: 2.1246
[2026-06-01 14:35:42,554] INFO:   [Batch 600/782] loss: 2.3898
[2026-06-01 14:36:43,803] INFO:   [Batch 700/782] loss: 1.9360
[2026-06-01 14:37:33,609] INFO:  Epoch 116 done. Time: 7.98m, Average Loss: 2.0889
[2026-06-01 14:37:33,832] INFO: Epoch [117/150] starting...
[2026-06-01 14:38:35,248] INFO:   [Batch 100/782] loss: 3.2426
[2026-06-01 14:39:36,524] INFO:   [Batch 200/782] loss: 1.4937
[2026-06-01 14:40:37,787] INFO:   [Batch 300/782] loss: 2.0869
[2026-06-01 14:41:39,044] INFO:   [Batch 400/782] loss: 2.6241
[2026-06-01 14:42:40,300] INFO:   [Batch 500/782] loss: 1.7609
[2026-06-01 14:43:41,558] INFO:   [Batch 600/782] loss: 3.3829
[2026-06-01 14:44:42,819] INFO:   [Batch 700/782] loss: 2.1725
[2026-06-01 14:45:32,636] INFO:  Epoch 117 done. Time: 7.98m, Average Loss: 2.1371
[2026-06-01 14:45:32,842] INFO: Epoch [118/150] starting...
[2026-06-01 14:46:34,291] INFO:   [Batch 100/782] loss: 1.4414
[2026-06-01 14:47:35,555] INFO:   [Batch 200/782] loss: 1.0911
[2026-06-01 14:48:36,816] INFO:   [Batch 300/782] loss: 2.9046
[2026-06-01 14:49:38,077] INFO:   [Batch 400/782] loss: 1.1421
[2026-06-01 14:50:39,334] INFO:   [Batch 500/782] loss: 0.9972
[2026-06-01 14:51:40,585] INFO:   [Batch 600/782] loss: 2.6481
[2026-06-01 14:52:41,838] INFO:   [Batch 700/782] loss: 3.3111
[2026-06-01 14:53:31,659] INFO:  Epoch 118 done. Time: 7.98m, Average Loss: 2.0332
[2026-06-01 14:53:31,863] INFO: Epoch [119/150] starting...
[2026-06-01 14:54:33,301] INFO:   [Batch 100/782] loss: 2.1506
[2026-06-01 14:55:34,530] INFO:   [Batch 200/782] loss: 3.2183
[2026-06-01 14:56:35,799] INFO:   [Batch 300/782] loss: 1.1428
[2026-06-01 14:57:37,081] INFO:   [Batch 400/782] loss: 2.5399
[2026-06-01 14:58:38,337] INFO:   [Batch 500/782] loss: 2.7337
[2026-06-01 14:59:39,601] INFO:   [Batch 600/782] loss: 2.5154
[2026-06-01 15:00:40,862] INFO:   [Batch 700/782] loss: 1.7398
[2026-06-01 15:01:30,681] INFO:  Epoch 119 done. Time: 7.98m, Average Loss: 2.1234
[2026-06-01 15:01:30,830] INFO: Epoch [120/150] starting...
[2026-06-01 15:02:32,249] INFO:   [Batch 100/782] loss: 2.7968
[2026-06-01 15:03:33,504] INFO:   [Batch 200/782] loss: 2.4282
[2026-06-01 15:04:34,765] INFO:   [Batch 300/782] loss: 2.4572
[2026-06-01 15:05:36,014] INFO:   [Batch 400/782] loss: 0.9608
[2026-06-01 15:06:37,267] INFO:   [Batch 500/782] loss: 1.0158
[2026-06-01 15:07:38,511] INFO:   [Batch 600/782] loss: 0.9651
[2026-06-01 15:08:39,754] INFO:   [Batch 700/782] loss: 2.8042
[2026-06-01 15:09:29,553] INFO:  Epoch 120 done. Time: 7.98m, Average Loss: 2.0463
[2026-06-01 15:09:29,731] INFO: Epoch [121/150] starting...
[2026-06-01 15:10:31,169] INFO:   [Batch 100/782] loss: 1.0592
[2026-06-01 15:11:32,425] INFO:   [Batch 200/782] loss: 1.4974
[2026-06-01 15:12:33,680] INFO:   [Batch 300/782] loss: 3.3723
[2026-06-01 15:13:34,991] INFO:   [Batch 400/782] loss: 2.8595
[2026-06-01 15:14:36,248] INFO:   [Batch 500/782] loss: 1.7457
[2026-06-01 15:15:37,486] INFO:   [Batch 600/782] loss: 2.4938
[2026-06-01 15:16:38,731] INFO:   [Batch 700/782] loss: 1.2230
[2026-06-01 15:17:28,557] INFO:  Epoch 121 done. Time: 7.98m, Average Loss: 2.0674
[2026-06-01 15:17:28,775] INFO: Epoch [122/150] starting...
[2026-06-01 15:18:30,244] INFO:   [Batch 100/782] loss: 2.2245
[2026-06-01 15:19:31,548] INFO:   [Batch 200/782] loss: 1.5331
[2026-06-01 15:20:32,826] INFO:   [Batch 300/782] loss: 1.9382
[2026-06-01 15:21:34,127] INFO:   [Batch 400/782] loss: 1.2149
[2026-06-01 15:22:35,403] INFO:   [Batch 500/782] loss: 3.1431
[2026-06-01 15:23:36,670] INFO:   [Batch 600/782] loss: 3.1417
[2026-06-01 15:24:37,936] INFO:   [Batch 700/782] loss: 2.4433
[2026-06-01 15:25:32,956] INFO:  Epoch 122 done. Time: 8.07m, Average Loss: 2.0487
[2026-06-01 15:25:33,147] INFO: Epoch [123/150] starting...
[2026-06-01 15:26:34,601] INFO:   [Batch 100/782] loss: 2.1289
[2026-06-01 15:27:35,874] INFO:   [Batch 200/782] loss: 1.9889
[2026-06-01 15:28:37,161] INFO:   [Batch 300/782] loss: 2.5250
[2026-06-01 15:29:38,487] INFO:   [Batch 400/782] loss: 3.1341
[2026-06-01 15:30:39,756] INFO:   [Batch 500/782] loss: 2.4167
[2026-06-01 15:31:41,021] INFO:   [Batch 600/782] loss: 1.2079
[2026-06-01 15:32:42,361] INFO:   [Batch 700/782] loss: 1.1549
[2026-06-01 15:33:32,188] INFO:  Epoch 123 done. Time: 7.98m, Average Loss: 2.0345
[2026-06-01 15:33:32,413] INFO: Epoch [124/150] starting...
[2026-06-01 15:34:33,844] INFO:   [Batch 100/782] loss: 2.8613
[2026-06-01 15:35:35,109] INFO:   [Batch 200/782] loss: 2.9410
[2026-06-01 15:36:36,379] INFO:   [Batch 300/782] loss: 2.7737
[2026-06-01 15:37:37,658] INFO:   [Batch 400/782] loss: 1.1378
[2026-06-01 15:38:38,913] INFO:   [Batch 500/782] loss: 3.2869
[2026-06-01 15:39:40,233] INFO:   [Batch 600/782] loss: 2.4380
[2026-06-01 15:40:41,499] INFO:   [Batch 700/782] loss: 2.2970
[2026-06-01 15:41:31,321] INFO:  Epoch 124 done. Time: 7.98m, Average Loss: 2.0912
[2026-06-01 15:41:31,527] INFO: Epoch [125/150] starting...
[2026-06-01 15:42:32,968] INFO:   [Batch 100/782] loss: 3.1877
[2026-06-01 15:43:34,271] INFO:   [Batch 200/782] loss: 2.5313
[2026-06-01 15:44:35,555] INFO:   [Batch 300/782] loss: 2.8382
[2026-06-01 15:45:36,845] INFO:   [Batch 400/782] loss: 2.6066
[2026-06-01 15:46:38,123] INFO:   [Batch 500/782] loss: 2.9572
[2026-06-01 15:47:39,394] INFO:   [Batch 600/782] loss: 1.0231
[2026-06-01 15:48:40,664] INFO:   [Batch 700/782] loss: 3.2892
[2026-06-01 15:49:30,497] INFO:  Epoch 125 done. Time: 7.98m, Average Loss: 2.0596
[2026-06-01 15:49:30,730] INFO: Epoch [126/150] starting...
[2026-06-01 15:50:32,182] INFO:   [Batch 100/782] loss: 3.1008
[2026-06-01 15:51:33,453] INFO:   [Batch 200/782] loss: 1.7050
[2026-06-01 15:52:34,725] INFO:   [Batch 300/782] loss: 0.9396
[2026-06-01 15:53:35,995] INFO:   [Batch 400/782] loss: 1.4937
[2026-06-01 15:54:37,253] INFO:   [Batch 500/782] loss: 1.3096
[2026-06-01 15:55:38,530] INFO:   [Batch 600/782] loss: 1.8204
[2026-06-01 15:56:39,788] INFO:   [Batch 700/782] loss: 3.3288
[2026-06-01 15:57:29,615] INFO:  Epoch 126 done. Time: 7.98m, Average Loss: 2.0073
[2026-06-01 15:57:29,837] INFO: Epoch [127/150] starting...
[2026-06-01 15:58:31,263] INFO:   [Batch 100/782] loss: 2.1299
[2026-06-01 15:59:32,527] INFO:   [Batch 200/782] loss: 1.2414
[2026-06-01 16:00:33,808] INFO:   [Batch 300/782] loss: 3.2697
[2026-06-01 16:01:35,073] INFO:   [Batch 400/782] loss: 2.1348
[2026-06-01 16:02:36,336] INFO:   [Batch 500/782] loss: 1.6319
[2026-06-01 16:03:37,601] INFO:   [Batch 600/782] loss: 3.1682
[2026-06-01 16:04:38,869] INFO:   [Batch 700/782] loss: 1.4979
[2026-06-01 16:05:28,710] INFO:  Epoch 127 done. Time: 7.98m, Average Loss: 2.0517
[2026-06-01 16:05:28,895] INFO: Epoch [128/150] starting...
[2026-06-01 16:06:30,336] INFO:   [Batch 100/782] loss: 2.2860
[2026-06-01 16:07:31,619] INFO:   [Batch 200/782] loss: 2.3803
[2026-06-01 16:08:32,899] INFO:   [Batch 300/782] loss: 1.2034
[2026-06-01 16:09:34,178] INFO:   [Batch 400/782] loss: 0.9619
[2026-06-01 16:10:35,449] INFO:   [Batch 500/782] loss: 2.6323
[2026-06-01 16:11:36,693] INFO:   [Batch 600/782] loss: 2.4813
[2026-06-01 16:12:37,935] INFO:   [Batch 700/782] loss: 3.3433
[2026-06-01 16:13:27,765] INFO:  Epoch 128 done. Time: 7.98m, Average Loss: 2.0329
[2026-06-01 16:13:27,943] INFO: Epoch [129/150] starting...
[2026-06-01 16:14:29,388] INFO:   [Batch 100/782] loss: 1.0899
[2026-06-01 16:15:30,654] INFO:   [Batch 200/782] loss: 2.6891
[2026-06-01 16:16:31,932] INFO:   [Batch 300/782] loss: 2.2314
[2026-06-01 16:17:33,198] INFO:   [Batch 400/782] loss: 1.2739
[2026-06-01 16:18:34,465] INFO:   [Batch 500/782] loss: 1.4055
[2026-06-01 16:19:35,735] INFO:   [Batch 600/782] loss: 1.1215
[2026-06-01 16:20:37,017] INFO:   [Batch 700/782] loss: 1.8259
[2026-06-01 16:21:26,854] INFO:  Epoch 129 done. Time: 7.98m, Average Loss: 2.0396
[2026-06-01 16:21:27,003] INFO: Epoch [130/150] starting...
[2026-06-01 16:22:28,475] INFO:   [Batch 100/782] loss: 1.0738
[2026-06-01 16:23:29,758] INFO:   [Batch 200/782] loss: 1.1418
[2026-06-01 16:24:42,846] INFO:   [Batch 300/782] loss: 2.3928
[2026-06-01 16:25:44,136] INFO:   [Batch 400/782] loss: 1.5621
[2026-06-01 16:26:45,411] INFO:   [Batch 500/782] loss: 0.9457
[2026-06-01 16:27:46,709] INFO:   [Batch 600/782] loss: 2.2285
[2026-06-01 16:28:48,003] INFO:   [Batch 700/782] loss: 2.7045
[2026-06-01 16:29:37,837] INFO:  Epoch 130 done. Time: 8.18m, Average Loss: 1.9940
[2026-06-01 16:29:38,027] INFO: Epoch [131/150] starting...
[2026-06-01 16:30:39,478] INFO:   [Batch 100/782] loss: 2.4287
[2026-06-01 16:31:40,759] INFO:   [Batch 200/782] loss: 0.9397
[2026-06-01 16:32:42,044] INFO:   [Batch 300/782] loss: 2.3742
[2026-06-01 16:33:43,317] INFO:   [Batch 400/782] loss: 2.4097
[2026-06-01 16:34:44,595] INFO:   [Batch 500/782] loss: 2.3631
[2026-06-01 16:35:45,865] INFO:   [Batch 600/782] loss: 1.1222
[2026-06-01 16:36:47,148] INFO:   [Batch 700/782] loss: 1.9245
[2026-06-01 16:37:36,996] INFO:  Epoch 131 done. Time: 7.98m, Average Loss: 2.0162
[2026-06-01 16:37:37,217] INFO: Epoch [132/150] starting...
[2026-06-01 16:38:38,654] INFO:   [Batch 100/782] loss: 1.0323
[2026-06-01 16:39:39,947] INFO:   [Batch 200/782] loss: 2.3907
[2026-06-01 16:40:41,241] INFO:   [Batch 300/782] loss: 0.9669
[2026-06-01 16:41:42,508] INFO:   [Batch 400/782] loss: 1.4289
[2026-06-01 16:42:43,794] INFO:   [Batch 500/782] loss: 3.1332
[2026-06-01 16:43:45,074] INFO:   [Batch 600/782] loss: 3.2459
[2026-06-01 16:44:46,348] INFO:   [Batch 700/782] loss: 2.5526
[2026-06-01 16:45:36,183] INFO:  Epoch 132 done. Time: 7.98m, Average Loss: 2.0876
[2026-06-01 16:45:36,418] INFO: Epoch [133/150] starting...
[2026-06-01 16:46:37,913] INFO:   [Batch 100/782] loss: 2.5692
[2026-06-01 16:47:39,202] INFO:   [Batch 200/782] loss: 2.4604
[2026-06-01 16:48:40,478] INFO:   [Batch 300/782] loss: 2.5769
[2026-06-01 16:49:41,771] INFO:   [Batch 400/782] loss: 1.3643
[2026-06-01 16:50:43,070] INFO:   [Batch 500/782] loss: 1.1584
[2026-06-01 16:51:44,355] INFO:   [Batch 600/782] loss: 1.6314
[2026-06-01 16:52:45,650] INFO:   [Batch 700/782] loss: 2.6483
[2026-06-01 16:53:35,499] INFO:  Epoch 133 done. Time: 7.98m, Average Loss: 2.0456
[2026-06-01 16:53:35,726] INFO: Epoch [134/150] starting...
[2026-06-01 16:54:37,177] INFO:   [Batch 100/782] loss: 1.6879
[2026-06-01 16:55:38,464] INFO:   [Batch 200/782] loss: 1.7290
[2026-06-01 16:56:39,749] INFO:   [Batch 300/782] loss: 3.3247
[2026-06-01 16:57:41,056] INFO:   [Batch 400/782] loss: 1.9045
[2026-06-01 16:58:42,338] INFO:   [Batch 500/782] loss: 0.9397
[2026-06-01 16:59:43,629] INFO:   [Batch 600/782] loss: 1.0597
[2026-06-01 17:00:44,928] INFO:   [Batch 700/782] loss: 2.4343
[2026-06-01 17:01:37,468] INFO:  Epoch 134 done. Time: 8.03m, Average Loss: 2.0468
[2026-06-01 17:01:37,658] INFO: Epoch [135/150] starting...
[2026-06-01 17:02:39,117] INFO:   [Batch 100/782] loss: 1.4695
[2026-06-01 17:03:40,403] INFO:   [Batch 200/782] loss: 1.1504
[2026-06-01 17:04:41,685] INFO:   [Batch 300/782] loss: 2.0924
[2026-06-01 17:05:42,979] INFO:   [Batch 400/782] loss: 1.1638
[2026-06-01 17:06:44,271] INFO:   [Batch 500/782] loss: 2.1101
[2026-06-01 17:07:45,559] INFO:   [Batch 600/782] loss: 0.9442
[2026-06-01 17:08:46,806] INFO:   [Batch 700/782] loss: 1.8127
[2026-06-01 17:09:36,612] INFO:  Epoch 135 done. Time: 7.98m, Average Loss: 2.0090
[2026-06-01 17:09:36,844] INFO: Epoch [136/150] starting...
[2026-06-01 17:10:38,281] INFO:   [Batch 100/782] loss: 3.0359
[2026-06-01 17:11:39,526] INFO:   [Batch 200/782] loss: 2.3254
[2026-06-01 17:12:40,747] INFO:   [Batch 300/782] loss: 1.5216
[2026-06-01 17:13:41,952] INFO:   [Batch 400/782] loss: 0.9743
[2026-06-01 17:14:43,161] INFO:   [Batch 500/782] loss: 2.7705
[2026-06-01 17:15:44,367] INFO:   [Batch 600/782] loss: 2.5826
[2026-06-01 17:16:45,550] INFO:   [Batch 700/782] loss: 1.3545
[2026-06-01 17:17:35,303] INFO:  Epoch 136 done. Time: 7.97m, Average Loss: 2.0058
[2026-06-01 17:17:35,530] INFO: Epoch [137/150] starting...
[2026-06-01 17:18:36,903] INFO:   [Batch 100/782] loss: 1.3464
[2026-06-01 17:19:38,097] INFO:   [Batch 200/782] loss: 1.1913
[2026-06-01 17:20:39,299] INFO:   [Batch 300/782] loss: 1.8474
[2026-06-01 17:21:40,498] INFO:   [Batch 400/782] loss: 2.2120
[2026-06-01 17:22:41,687] INFO:   [Batch 500/782] loss: 2.9902
[2026-06-01 17:23:42,884] INFO:   [Batch 600/782] loss: 3.3021
[2026-06-01 17:24:44,053] INFO:   [Batch 700/782] loss: 1.0234
[2026-06-01 17:25:33,801] INFO:  Epoch 137 done. Time: 7.97m, Average Loss: 2.0301
[2026-06-01 17:25:34,030] INFO: Epoch [138/150] starting...
[2026-06-01 17:26:35,404] INFO:   [Batch 100/782] loss: 2.8102
[2026-06-01 17:27:36,606] INFO:   [Batch 200/782] loss: 2.3743
[2026-06-01 17:28:37,802] INFO:   [Batch 300/782] loss: 2.3281
[2026-06-01 17:29:39,029] INFO:   [Batch 400/782] loss: 1.3104
[2026-06-01 17:30:40,246] INFO:   [Batch 500/782] loss: 1.4913
[2026-06-01 17:31:41,479] INFO:   [Batch 600/782] loss: 2.5631
[2026-06-01 17:32:42,788] INFO:   [Batch 700/782] loss: 2.4687
[2026-06-01 17:33:32,723] INFO:  Epoch 138 done. Time: 7.98m, Average Loss: 2.0064
[2026-06-01 17:33:32,950] INFO: Epoch [139/150] starting...
[2026-06-01 17:34:34,641] INFO:   [Batch 100/782] loss: 2.4640
[2026-06-01 17:35:36,223] INFO:   [Batch 200/782] loss: 1.8633
[2026-06-01 17:36:37,885] INFO:   [Batch 300/782] loss: 1.2267
[2026-06-01 17:37:39,553] INFO:   [Batch 400/782] loss: 2.8512
[2026-06-01 17:38:41,243] INFO:   [Batch 500/782] loss: 1.1746
[2026-06-01 17:39:42,933] INFO:   [Batch 600/782] loss: 0.9302
[2026-06-01 17:40:44,606] INFO:   [Batch 700/782] loss: 0.9611
[2026-06-01 17:41:34,762] INFO:  Epoch 139 done. Time: 8.03m, Average Loss: 2.0321
[2026-06-01 17:41:34,939] INFO: Epoch [140/150] starting...
[2026-06-01 17:42:36,767] INFO:   [Batch 100/782] loss: 2.1891
[2026-06-01 17:43:38,401] INFO:   [Batch 200/782] loss: 2.1296
[2026-06-01 17:44:40,033] INFO:   [Batch 300/782] loss: 2.2312
[2026-06-01 17:45:41,655] INFO:   [Batch 400/782] loss: 2.2566
[2026-06-01 17:46:43,301] INFO:   [Batch 500/782] loss: 0.9840
[2026-06-01 17:47:44,942] INFO:   [Batch 600/782] loss: 2.9946
[2026-06-01 17:48:46,563] INFO:   [Batch 700/782] loss: 0.9422
[2026-06-01 17:49:39,123] INFO:  Epoch 140 done. Time: 8.07m, Average Loss: 2.0125
[2026-06-01 17:49:39,332] INFO: Epoch [141/150] starting...
[2026-06-01 17:50:41,177] INFO:   [Batch 100/782] loss: 2.1354
[2026-06-01 17:51:42,801] INFO:   [Batch 200/782] loss: 2.4698
[2026-06-01 17:52:44,418] INFO:   [Batch 300/782] loss: 3.1799
[2026-06-01 17:53:46,042] INFO:   [Batch 400/782] loss: 1.0347
[2026-06-01 17:54:47,649] INFO:   [Batch 500/782] loss: 2.9076
[2026-06-01 17:55:49,257] INFO:   [Batch 600/782] loss: 0.9597
[2026-06-01 17:56:50,850] INFO:   [Batch 700/782] loss: 2.6933
[2026-06-01 17:57:40,968] INFO:  Epoch 141 done. Time: 8.03m, Average Loss: 1.9997
[2026-06-01 17:57:41,184] INFO: Epoch [142/150] starting...
[2026-06-01 17:58:42,986] INFO:   [Batch 100/782] loss: 2.4845
[2026-06-01 17:59:44,595] INFO:   [Batch 200/782] loss: 3.3288
[2026-06-01 18:00:46,187] INFO:   [Batch 300/782] loss: 1.8731
[2026-06-01 18:01:47,787] INFO:   [Batch 400/782] loss: 3.0751
[2026-06-01 18:02:49,397] INFO:   [Batch 500/782] loss: 1.1440
[2026-06-01 18:03:51,017] INFO:   [Batch 600/782] loss: 2.4217
[2026-06-01 18:04:52,616] INFO:   [Batch 700/782] loss: 1.3056
[2026-06-01 18:05:42,685] INFO:  Epoch 142 done. Time: 8.03m, Average Loss: 2.0693
[2026-06-01 18:05:42,873] INFO: Epoch [143/150] starting...
[2026-06-01 18:06:44,644] INFO:   [Batch 100/782] loss: 2.0793
[2026-06-01 18:07:46,210] INFO:   [Batch 200/782] loss: 2.3055
[2026-06-01 18:08:47,798] INFO:   [Batch 300/782] loss: 1.3438
[2026-06-01 18:09:49,406] INFO:   [Batch 400/782] loss: 2.6953
[2026-06-01 18:10:50,998] INFO:   [Batch 500/782] loss: 2.1720
[2026-06-01 18:11:52,624] INFO:   [Batch 600/782] loss: 2.1733
[2026-06-01 18:12:54,252] INFO:   [Batch 700/782] loss: 2.5854
[2026-06-01 18:13:44,366] INFO:  Epoch 143 done. Time: 8.02m, Average Loss: 2.0236
[2026-06-01 18:13:44,598] INFO: Epoch [144/150] starting...
[2026-06-01 18:14:46,387] INFO:   [Batch 100/782] loss: 1.0772
[2026-06-01 18:15:47,991] INFO:   [Batch 200/782] loss: 3.2286
[2026-06-01 18:16:49,595] INFO:   [Batch 300/782] loss: 2.2068
[2026-06-01 18:17:51,182] INFO:   [Batch 400/782] loss: 1.1314
[2026-06-01 18:18:52,781] INFO:   [Batch 500/782] loss: 1.2666
[2026-06-01 18:19:54,375] INFO:   [Batch 600/782] loss: 2.5309
[2026-06-01 18:20:55,970] INFO:   [Batch 700/782] loss: 2.5258
[2026-06-01 18:21:46,042] INFO:  Epoch 144 done. Time: 8.02m, Average Loss: 2.0150
[2026-06-01 18:21:46,261] INFO: Epoch [145/150] starting...
[2026-06-01 18:22:48,022] INFO:   [Batch 100/782] loss: 2.6834
[2026-06-01 18:23:49,599] INFO:   [Batch 200/782] loss: 2.3080
[2026-06-01 18:24:53,673] INFO:   [Batch 300/782] loss: 1.4841
[2026-06-01 18:25:55,279] INFO:   [Batch 400/782] loss: 1.9863
[2026-06-01 18:26:56,862] INFO:   [Batch 500/782] loss: 1.0020
[2026-06-01 18:27:58,466] INFO:   [Batch 600/782] loss: 3.4501
[2026-06-01 18:29:00,058] INFO:   [Batch 700/782] loss: 1.0724
[2026-06-01 18:29:50,147] INFO:  Epoch 145 done. Time: 8.06m, Average Loss: 1.9882
[2026-06-01 18:29:50,377] INFO: Epoch [146/150] starting...
[2026-06-01 18:30:52,144] INFO:   [Batch 100/782] loss: 1.8785
[2026-06-01 18:31:53,702] INFO:   [Batch 200/782] loss: 1.7868
[2026-06-01 18:32:55,298] INFO:   [Batch 300/782] loss: 2.5776
[2026-06-01 18:33:56,882] INFO:   [Batch 400/782] loss: 1.6966
[2026-06-01 18:34:58,478] INFO:   [Batch 500/782] loss: 0.9585
[2026-06-01 18:36:00,094] INFO:   [Batch 600/782] loss: 2.2496
[2026-06-01 18:37:01,690] INFO:   [Batch 700/782] loss: 2.1324
[2026-06-01 18:37:51,766] INFO:  Epoch 146 done. Time: 8.02m, Average Loss: 2.0346
[2026-06-01 18:37:51,973] INFO: Epoch [147/150] starting...
[2026-06-01 18:38:53,746] INFO:   [Batch 100/782] loss: 3.0108
[2026-06-01 18:39:55,338] INFO:   [Batch 200/782] loss: 2.1287
[2026-06-01 18:40:56,905] INFO:   [Batch 300/782] loss: 3.3719
[2026-06-01 18:41:58,477] INFO:   [Batch 400/782] loss: 0.9708
[2026-06-01 18:43:00,030] INFO:   [Batch 500/782] loss: 1.1111
[2026-06-01 18:44:01,631] INFO:   [Batch 600/782] loss: 2.9985
[2026-06-01 18:45:03,219] INFO:   [Batch 700/782] loss: 2.5107
[2026-06-01 18:45:53,314] INFO:  Epoch 147 done. Time: 8.02m, Average Loss: 2.0582
[2026-06-01 18:45:53,536] INFO: Epoch [148/150] starting...
[2026-06-01 18:46:55,276] INFO:   [Batch 100/782] loss: 2.3138
[2026-06-01 18:47:56,845] INFO:   [Batch 200/782] loss: 1.3117
[2026-06-01 18:48:58,398] INFO:   [Batch 300/782] loss: 2.4065
[2026-06-01 18:49:59,961] INFO:   [Batch 400/782] loss: 1.2089
[2026-06-01 18:51:01,507] INFO:   [Batch 500/782] loss: 1.1586
[2026-06-01 18:52:03,026] INFO:   [Batch 600/782] loss: 1.9774
[2026-06-01 18:53:04,559] INFO:   [Batch 700/782] loss: 2.4356
[2026-06-01 18:53:54,595] INFO:  Epoch 148 done. Time: 8.02m, Average Loss: 1.9937
[2026-06-01 18:53:54,746] INFO: Epoch [149/150] starting...
[2026-06-01 18:54:56,431] INFO:   [Batch 100/782] loss: 2.2875
[2026-06-01 18:55:57,924] INFO:   [Batch 200/782] loss: 0.9855
[2026-06-01 18:56:59,430] INFO:   [Batch 300/782] loss: 1.4808
[2026-06-01 18:58:00,931] INFO:   [Batch 400/782] loss: 2.6965
[2026-06-01 18:59:02,410] INFO:   [Batch 500/782] loss: 1.8595
[2026-06-01 19:00:03,909] INFO:   [Batch 600/782] loss: 1.2655
[2026-06-01 19:01:05,401] INFO:   [Batch 700/782] loss: 2.1923
[2026-06-01 19:01:55,398] INFO:  Epoch 149 done. Time: 8.01m, Average Loss: 2.0072
[2026-06-01 19:01:55,626] INFO: Epoch [150/150] starting...
[2026-06-01 19:02:57,285] INFO:   [Batch 100/782] loss: 2.4904
[2026-06-01 19:03:58,779] INFO:   [Batch 200/782] loss: 3.2339
[2026-06-01 19:05:00,274] INFO:   [Batch 300/782] loss: 1.8604
[2026-06-01 19:06:01,783] INFO:   [Batch 400/782] loss: 2.7860
[2026-06-01 19:07:03,258] INFO:   [Batch 500/782] loss: 1.3503
[2026-06-01 19:08:04,744] INFO:   [Batch 600/782] loss: 0.9893
[2026-06-01 19:09:06,239] INFO:   [Batch 700/782] loss: 2.5224
[2026-06-01 19:09:56,256] INFO:  Epoch 150 done. Time: 8.01m, Average Loss: 2.0151
